Archive member included to satisfy reference by file (symbol)

/home/zhonx/.opt/AC6/plugins/fr.ac6.mcu.externaltools.arm-none.linux64_1.17.0.201812190825/tools/compiler/bin/../lib/gcc/arm-none-eabi/7.3.1/../../../../arm-none-eabi/lib/thumb/v7e-m/fpv5/hard/libm.a(lib_a-s_sin.o)
                              Peripheral/Src/wave_generation.o (sin)
/home/zhonx/.opt/AC6/plugins/fr.ac6.mcu.externaltools.arm-none.linux64_1.17.0.201812190825/tools/compiler/bin/../lib/gcc/arm-none-eabi/7.3.1/../../../../arm-none-eabi/lib/thumb/v7e-m/fpv5/hard/libm.a(lib_a-w_pow.o)
                              Peripheral/Src/wave_generation.o (pow)
/home/zhonx/.opt/AC6/plugins/fr.ac6.mcu.externaltools.arm-none.linux64_1.17.0.201812190825/tools/compiler/bin/../lib/gcc/arm-none-eabi/7.3.1/../../../../arm-none-eabi/lib/thumb/v7e-m/fpv5/hard/libm.a(lib_a-e_pow.o)
                              /home/zhonx/.opt/AC6/plugins/fr.ac6.mcu.externaltools.arm-none.linux64_1.17.0.201812190825/tools/compiler/bin/../lib/gcc/arm-none-eabi/7.3.1/../../../../arm-none-eabi/lib/thumb/v7e-m/fpv5/hard/libm.a(lib_a-w_pow.o) (__ieee754_pow)
/home/zhonx/.opt/AC6/plugins/fr.ac6.mcu.externaltools.arm-none.linux64_1.17.0.201812190825/tools/compiler/bin/../lib/gcc/arm-none-eabi/7.3.1/../../../../arm-none-eabi/lib/thumb/v7e-m/fpv5/hard/libm.a(lib_a-e_rem_pio2.o)
                              /home/zhonx/.opt/AC6/plugins/fr.ac6.mcu.externaltools.arm-none.linux64_1.17.0.201812190825/tools/compiler/bin/../lib/gcc/arm-none-eabi/7.3.1/../../../../arm-none-eabi/lib/thumb/v7e-m/fpv5/hard/libm.a(lib_a-s_sin.o) (__ieee754_rem_pio2)
/home/zhonx/.opt/AC6/plugins/fr.ac6.mcu.externaltools.arm-none.linux64_1.17.0.201812190825/tools/compiler/bin/../lib/gcc/arm-none-eabi/7.3.1/../../../../arm-none-eabi/lib/thumb/v7e-m/fpv5/hard/libm.a(lib_a-e_sqrt.o)
                              /home/zhonx/.opt/AC6/plugins/fr.ac6.mcu.externaltools.arm-none.linux64_1.17.0.201812190825/tools/compiler/bin/../lib/gcc/arm-none-eabi/7.3.1/../../../../arm-none-eabi/lib/thumb/v7e-m/fpv5/hard/libm.a(lib_a-e_pow.o) (__ieee754_sqrt)
/home/zhonx/.opt/AC6/plugins/fr.ac6.mcu.externaltools.arm-none.linux64_1.17.0.201812190825/tools/compiler/bin/../lib/gcc/arm-none-eabi/7.3.1/../../../../arm-none-eabi/lib/thumb/v7e-m/fpv5/hard/libm.a(lib_a-k_cos.o)
                              /home/zhonx/.opt/AC6/plugins/fr.ac6.mcu.externaltools.arm-none.linux64_1.17.0.201812190825/tools/compiler/bin/../lib/gcc/arm-none-eabi/7.3.1/../../../../arm-none-eabi/lib/thumb/v7e-m/fpv5/hard/libm.a(lib_a-s_sin.o) (__kernel_cos)
/home/zhonx/.opt/AC6/plugins/fr.ac6.mcu.externaltools.arm-none.linux64_1.17.0.201812190825/tools/compiler/bin/../lib/gcc/arm-none-eabi/7.3.1/../../../../arm-none-eabi/lib/thumb/v7e-m/fpv5/hard/libm.a(lib_a-k_rem_pio2.o)
                              /home/zhonx/.opt/AC6/plugins/fr.ac6.mcu.externaltools.arm-none.linux64_1.17.0.201812190825/tools/compiler/bin/../lib/gcc/arm-none-eabi/7.3.1/../../../../arm-none-eabi/lib/thumb/v7e-m/fpv5/hard/libm.a(lib_a-e_rem_pio2.o) (__kernel_rem_pio2)
/home/zhonx/.opt/AC6/plugins/fr.ac6.mcu.externaltools.arm-none.linux64_1.17.0.201812190825/tools/compiler/bin/../lib/gcc/arm-none-eabi/7.3.1/../../../../arm-none-eabi/lib/thumb/v7e-m/fpv5/hard/libm.a(lib_a-k_sin.o)
                              /home/zhonx/.opt/AC6/plugins/fr.ac6.mcu.externaltools.arm-none.linux64_1.17.0.201812190825/tools/compiler/bin/../lib/gcc/arm-none-eabi/7.3.1/../../../../arm-none-eabi/lib/thumb/v7e-m/fpv5/hard/libm.a(lib_a-s_sin.o) (__kernel_sin)
/home/zhonx/.opt/AC6/plugins/fr.ac6.mcu.externaltools.arm-none.linux64_1.17.0.201812190825/tools/compiler/bin/../lib/gcc/arm-none-eabi/7.3.1/../../../../arm-none-eabi/lib/thumb/v7e-m/fpv5/hard/libm.a(lib_a-s_fabs.o)
                              /home/zhonx/.opt/AC6/plugins/fr.ac6.mcu.externaltools.arm-none.linux64_1.17.0.201812190825/tools/compiler/bin/../lib/gcc/arm-none-eabi/7.3.1/../../../../arm-none-eabi/lib/thumb/v7e-m/fpv5/hard/libm.a(lib_a-e_pow.o) (fabs)
/home/zhonx/.opt/AC6/plugins/fr.ac6.mcu.externaltools.arm-none.linux64_1.17.0.201812190825/tools/compiler/bin/../lib/gcc/arm-none-eabi/7.3.1/../../../../arm-none-eabi/lib/thumb/v7e-m/fpv5/hard/libm.a(lib_a-s_finite.o)
                              /home/zhonx/.opt/AC6/plugins/fr.ac6.mcu.externaltools.arm-none.linux64_1.17.0.201812190825/tools/compiler/bin/../lib/gcc/arm-none-eabi/7.3.1/../../../../arm-none-eabi/lib/thumb/v7e-m/fpv5/hard/libm.a(lib_a-w_pow.o) (finite)
/home/zhonx/.opt/AC6/plugins/fr.ac6.mcu.externaltools.arm-none.linux64_1.17.0.201812190825/tools/compiler/bin/../lib/gcc/arm-none-eabi/7.3.1/../../../../arm-none-eabi/lib/thumb/v7e-m/fpv5/hard/libm.a(lib_a-s_floor.o)
                              /home/zhonx/.opt/AC6/plugins/fr.ac6.mcu.externaltools.arm-none.linux64_1.17.0.201812190825/tools/compiler/bin/../lib/gcc/arm-none-eabi/7.3.1/../../../../arm-none-eabi/lib/thumb/v7e-m/fpv5/hard/libm.a(lib_a-k_rem_pio2.o) (floor)
[...]
Memory Configuration

Name             Origin             Length             Attributes
DTCMRAM          0x0000000020000000 0x0000000000020000 xrw
RAM_D1           0x0000000024000000 0x0000000000080000 xrw
RAM_D2           0x0000000030000000 0x0000000000048000 xrw
RAM_D3           0x0000000038000000 0x0000000000010000 xrw
ITCMRAM          0x0000000000000000 0x0000000000010000 xrw
FLASH            0x0000000008000000 0x0000000000200000 xr
*default*        0x0000000000000000 0xffffffffffffffff

Linker script and memory map

LOAD /home/zhonx/.opt/AC6/plugins/fr.ac6.mcu.externaltools.arm-none.linux64_1.17.0.201812190825/tools/compiler/bin/../lib/gcc/arm-none-eabi/7.3.1/thumb/v7e-m/fpv5/hard/crti.o
LOAD /home/zhonx/.opt/AC6/plugins/fr.ac6.mcu.externaltools.arm-none.linux64_1.17.0.201812190825/tools/compiler/bin/../lib/gcc/arm-none-eabi/7.3.1/thumb/v7e-m/fpv5/hard/crtbegin.o
LOAD /home/zhonx/.opt/AC6/plugins/fr.ac6.mcu.externaltools.arm-none.linux64_1.17.0.201812190825/tools/compiler/bin/../lib/gcc/arm-none-eabi/7.3.1/../../../../arm-none-eabi/lib/thumb/v7e-m/fpv5/hard/crt0.o
LOAD Core/Src/adc.o
LOAD Core/Src/dac.o
LOAD Core/Src/debug.o
LOAD Core/Src/dma.o
LOAD Core/Src/gpio.o
LOAD Core/Src/hrtim.o
LOAD Core/Src/main.o
LOAD Core/Src/stm32h7xx_hal_msp.o
LOAD Core/Src/stm32h7xx_it.o
LOAD Core/Src/syscalls.o
LOAD Core/Src/system_stm32h7xx.o
LOAD Core/Src/tim.o
LOAD Core/Src/usart.o
LOAD Drivers/CMSIS/DSP/Source/BasicMathFunctions/arm_abs_f32.o
LOAD Drivers/CMSIS/DSP/Source/BasicMathFunctions/arm_abs_q31.o
LOAD Drivers/CMSIS/DSP/Source/BasicMathFunctions/arm_add_f32.o
LOAD Drivers/CMSIS/DSP/Source/BasicMathFunctions/arm_add_q31.o
LOAD Drivers/CMSIS/DSP/Source/BasicMathFunctions/arm_dot_prod_f32.o
LOAD Drivers/CMSIS/DSP/Source/BasicMathFunctions/arm_dot_prod_q31.o
LOAD Drivers/CMSIS/DSP/Source/BasicMathFunctions/arm_mult_f32.o
LOAD Drivers/CMSIS/DSP/Source/BasicMathFunctions/arm_mult_q31.o
LOAD Drivers/CMSIS/DSP/Source/BasicMathFunctions/arm_negate_f32.o
LOAD Drivers/CMSIS/DSP/Source/BasicMathFunctions/arm_negate_q31.o
LOAD Drivers/CMSIS/DSP/Source/BasicMathFunctions/arm_offset_f32.o
LOAD Drivers/CMSIS/DSP/Source/BasicMathFunctions/arm_offset_q31.o
LOAD Drivers/CMSIS/DSP/Source/BasicMathFunctions/arm_scale_f32.o
LOAD Drivers/CMSIS/DSP/Source/BasicMathFunctions/arm_scale_q31.o
LOAD Drivers/CMSIS/DSP/Source/BasicMathFunctions/arm_shift_q31.o
LOAD Drivers/CMSIS/DSP/Source/BasicMathFunctions/arm_sub_f32.o
LOAD Drivers/CMSIS/DSP/Source/BasicMathFunctions/arm_sub_q31.o
LOAD Drivers/STM32H7xx_HAL_Driver/Src/stm32h7xx_hal.o
LOAD Drivers/STM32H7xx_HAL_Driver/Src/stm32h7xx_hal_adc.o
LOAD Drivers/STM32H7xx_HAL_Driver/Src/stm32h7xx_hal_adc_ex.o
LOAD Drivers/STM32H7xx_HAL_Driver/Src/stm32h7xx_hal_cortex.o
LOAD Drivers/STM32H7xx_HAL_Driver/Src/stm32h7xx_hal_dac.o
LOAD Drivers/STM32H7xx_HAL_Driver/Src/stm32h7xx_hal_dac_ex.o
LOAD Drivers/STM32H7xx_HAL_Driver/Src/stm32h7xx_hal_dma.o
LOAD Drivers/STM32H7xx_HAL_Driver/Src/stm32h7xx_hal_dma_ex.o
LOAD Drivers/STM32H7xx_HAL_Driver/Src/stm32h7xx_hal_flash.o
LOAD Drivers/STM32H7xx_HAL_Driver/Src/stm32h7xx_hal_flash_ex.o
LOAD Drivers/STM32H7xx_HAL_Driver/Src/stm32h7xx_hal_gpio.o
LOAD Drivers/STM32H7xx_HAL_Driver/Src/stm32h7xx_hal_hrtim.o
LOAD Drivers/STM32H7xx_HAL_Driver/Src/stm32h7xx_hal_hsem.o
LOAD Drivers/STM32H7xx_HAL_Driver/Src/stm32h7xx_hal_i2c.o
LOAD Drivers/STM32H7xx_HAL_Driver/Src/stm32h7xx_hal_i2c_ex.o
LOAD Drivers/STM32H7xx_HAL_Driver/Src/stm32h7xx_hal_mdma.o
LOAD Drivers/STM32H7xx_HAL_Driver/Src/stm32h7xx_hal_pwr.o
LOAD Drivers/STM32H7xx_HAL_Driver/Src/stm32h7xx_hal_pwr_ex.o
LOAD Drivers/STM32H7xx_HAL_Driver/Src/stm32h7xx_hal_rcc.o
LOAD Drivers/STM32H7xx_HAL_Driver/Src/stm32h7xx_hal_rcc_ex.o
LOAD Drivers/STM32H7xx_HAL_Driver/Src/stm32h7xx_hal_tim.o
LOAD Drivers/STM32H7xx_HAL_Driver/Src/stm32h7xx_hal_tim_ex.o
LOAD Drivers/STM32H7xx_HAL_Driver/Src/stm32h7xx_hal_uart.o
LOAD Drivers/STM32H7xx_HAL_Driver/Src/stm32h7xx_hal_uart_ex.o
LOAD Peripheral/Src/cis.o
LOAD Peripheral/Src/synth.o
LOAD Peripheral/Src/times_base.o
LOAD Peripheral/Src/wave_generation.o
LOAD Peripheral/Src/wave_sommation.o
LOAD startup/startup_stm32h743xx.o
LOAD /home/zhonx/.opt/AC6/plugins/fr.ac6.mcu.externaltools.arm-none.linux64_1.17.0.201812190825/tools/compiler/bin/../lib/gcc/arm-none-eabi/7.3.1/../../../../arm-none-eabi/lib/thumb/v7e-m/fpv5/hard/libm.a
START GROUP
LOAD /home/zhonx/.opt/AC6/plugins/fr.ac6.mcu.externaltools.arm-none.linux64_1.17.0.201812190825/tools/compiler/bin/../lib/gcc/arm-none-eabi/7.3.1/thumb/v7e-m/fpv5/hard/libgcc.a
LOAD /home/zhonx/.opt/AC6/plugins/fr.ac6.mcu.externaltools.arm-none.linux64_1.17.0.201812190825/tools/compiler/bin/../lib/gcc/arm-none-eabi/7.3.1/../../../../arm-none-eabi/lib/thumb/v7e-m/fpv5/hard/libc_nano.a
END GROUP
START GROUP
LOAD /home/zhonx/.opt/AC6/plugins/fr.ac6.mcu.externaltools.arm-none.linux64_1.17.0.201812190825/tools/compiler/bin/../lib/gcc/arm-none-eabi/7.3.1/thumb/v7e-m/fpv5/hard/libgcc.a
LOAD /home/zhonx/.opt/AC6/plugins/fr.ac6.mcu.externaltools.arm-none.linux64_1.17.0.201812190825/tools/compiler/bin/../lib/gcc/arm-none-eabi/7.3.1/../../../../arm-none-eabi/lib/thumb/v7e-m/fpv5/hard/libc_nano.a
LOAD /home/zhonx/.opt/AC6/plugins/fr.ac6.mcu.externaltools.arm-none.linux64_1.17.0.201812190825/tools/compiler/bin/../lib/gcc/arm-none-eabi/7.3.1/../../../../arm-none-eabi/lib/thumb/v7e-m/fpv5/hard/libnosys.a
END GROUP
START GROUP
LOAD /home/zhonx/.opt/AC6/plugins/fr.ac6.mcu.externaltools.arm-none.linux64_1.17.0.201812190825/tools/compiler/bin/../lib/gcc/arm-none-eabi/7.3.1/thumb/v7e-m/fpv5/hard/libgcc.a
LOAD /home/zhonx/.opt/AC6/plugins/fr.ac6.mcu.externaltools.arm-none.linux64_1.17.0.201812190825/tools/compiler/bin/../lib/gcc/arm-none-eabi/7.3.1/../../../../arm-none-eabi/lib/thumb/v7e-m/fpv5/hard/libc_nano.a
LOAD /home/zhonx/.opt/AC6/plugins/fr.ac6.mcu.externaltools.arm-none.linux64_1.17.0.201812190825/tools/compiler/bin/../lib/gcc/arm-none-eabi/7.3.1/../../../../arm-none-eabi/lib/thumb/v7e-m/fpv5/hard/libnosys.a
END GROUP
LOAD /home/zhonx/.opt/AC6/plugins/fr.ac6.mcu.externaltools.arm-none.linux64_1.17.0.201812190825/tools/compiler/bin/../lib/gcc/arm-none-eabi/7.3.1/thumb/v7e-m/fpv5/hard/crtend.o
LOAD /home/zhonx/.opt/AC6/plugins/fr.ac6.mcu.externaltools.arm-none.linux64_1.17.0.201812190825/tools/compiler/bin/../lib/gcc/arm-none-eabi/7.3.1/thumb/v7e-m/fpv5/hard/crtn.o
                0x0000000024080000                _estack = 0x24080000
                0x0000000000000200                _Min_Heap_Size = 0x200
                0x0000000000000400                _Min_Stack_Size = 0x400

.isr_vector     0x0000000008000000      0x298
                0x0000000008000000                . = ALIGN (0x4)
 *(.isr_vector)
 .isr_vector    0x0000000008000000      0x298 startup/startup_stm32h743xx.o
                0x0000000008000000                g_pfnVectors
                0x0000000008000298                . = ALIGN (0x4)

.text           0x00000000080002a0    0x13a4c
                0x00000000080002a0                . = ALIGN (0x4)
 *(.text)
 .text          0x00000000080002a0       0x40 /home/zhonx/.opt/AC6/plugins/fr.ac6.mcu.externaltools.arm-none.linux64_1.17.0.201812190825/tools/compiler/bin/../lib/gcc/arm-none-eabi/7.3.1/thumb/v7e-m/fpv5/hard/crtbegin.o
 .text          0x00000000080002e0       0x30 /home/zhonx/.opt/AC6/plugins/fr.ac6.mcu.externaltools.arm-none.linux64_1.17.0.201812190825/tools/compiler/bin/../lib/gcc/arm-none-eabi/7.3.1/thumb/v7e-m/fpv5/hard/libgcc.a(_aeabi_uldivmod.o)
                0x00000000080002e0                __aeabi_uldivmod
 .text          0x0000000008000310      0x2cc /home/zhonx/.opt/AC6/plugins/fr.ac6.mcu.externaltools.arm-none.linux64_1.17.0.201812190825/tools/compiler/bin/../lib/gcc/arm-none-eabi/7.3.1/thumb/v7e-m/fpv5/hard/libgcc.a(_udivmoddi4.o)
                0x0000000008000310                __udivmoddi4
 .text          0x00000000080005dc        0x4 /home/zhonx/.opt/AC6/plugins/fr.ac6.mcu.externaltools.arm-none.linux64_1.17.0.201812190825/tools/compiler/bin/../lib/gcc/arm-none-eabi/7.3.1/thumb/v7e-m/fpv5/hard/libgcc.a(_dvmd_tls.o)
                0x00000000080005dc                __aeabi_ldiv0
                0x00000000080005dc                __aeabi_idiv0
 .text          0x00000000080005e0       0x10 /home/zhonx/.opt/AC6/plugins/fr.ac6.mcu.externaltools.arm-none.linux64_1.17.0.201812190825/tools/compiler/bin/../lib/gcc/arm-none-eabi/7.3.1/../../../../arm-none-eabi/lib/thumb/v7e-m/fpv5/hard/libc_nano.a(lib_a-strlen.o)
                0x00000000080005e0                strlen
 .text          0x00000000080005f0       0xa0 /home/zhonx/.opt/AC6/plugins/fr.ac6.mcu.externaltools.arm-none.linux64_1.17.0.201812190825/tools/compiler/bin/../lib/gcc/arm-none-eabi/7.3.1/../../../../arm-none-eabi/lib/thumb/v7e-m/fpv5/hard/libc_nano.a(lib_a-memchr.o)
                0x00000000080005f0                memchr
 *(.text*)
 .text.HAL_ADC_MspInit
                0x0000000008000690      0x170 Core/Src/adc.o
                0x0000000008000690                HAL_ADC_MspInit
 .text.MX_DAC1_Init
                0x0000000008000800       0x7c Core/Src/dac.o
                0x0000000008000800                MX_DAC1_Init
 .text.HAL_DAC_MspInit
                0x000000000800087c       0x8c Core/Src/dac.o
                0x000000000800087c                HAL_DAC_MspInit
 .text.MX_GPIO_Init
                0x0000000008000908      0x3a8 Core/Src/gpio.o
                0x0000000008000908                MX_GPIO_Init
 .text.HAL_HRTIM_MspInit
                0x0000000008000cb0       0x44 Core/Src/hrtim.o
                0x0000000008000cb0                HAL_HRTIM_MspInit
 .text.HAL_HRTIM_MspPostInit
                0x0000000008000cf4       0x78 Core/Src/hrtim.o
                0x0000000008000cf4                HAL_HRTIM_MspPostInit
 .text.SCB_EnableICache
                0x0000000008000d6c       0x40 Core/Src/main.o
 .text.SCB_EnableDCache
                0x0000000008000dac       0x80 Core/Src/main.o
 .text.main     0x0000000008000e2c       0x90 Core/Src/main.o
                0x0000000008000e2c                main
 .text.SystemClock_Config
                0x0000000008000ebc      0x190 Core/Src/main.o
                0x0000000008000ebc                SystemClock_Config
 .text.Error_Handler
                0x000000000800104c       0x10 Core/Src/main.o
                0x000000000800104c                Error_Handler
 .text.assert_failed
                0x000000000800105c       0x24 Core/Src/main.o
                0x000000000800105c                assert_failed
 .text.HAL_MspInit
                0x0000000008001080       0x80 Core/Src/stm32h7xx_hal_msp.o
                0x0000000008001080                HAL_MspInit
 .text.SVC_Handler
                0x0000000008001100        0xe Core/Src/stm32h7xx_it.o
                0x0000000008001100                SVC_Handler
 .text.PendSV_Handler
                0x000000000800110e        0xe Core/Src/stm32h7xx_it.o
                0x000000000800110e                PendSV_Handler
 .text.SysTick_Handler
                0x000000000800111c        0xc Core/Src/stm32h7xx_it.o
                0x000000000800111c                SysTick_Handler
 .text.DMA1_Stream0_IRQHandler
                0x0000000008001128       0x14 Core/Src/stm32h7xx_it.o
                0x0000000008001128                DMA1_Stream0_IRQHandler
 .text.ADC_IRQHandler
                0x000000000800113c       0x14 Core/Src/stm32h7xx_it.o
                0x000000000800113c                ADC_IRQHandler
 .text.EXTI15_10_IRQHandler
                0x0000000008001150       0x10 Core/Src/stm32h7xx_it.o
                0x0000000008001150                EXTI15_10_IRQHandler
 .text.TIM15_IRQHandler
                0x0000000008001160       0x14 Core/Src/stm32h7xx_it.o
                0x0000000008001160                TIM15_IRQHandler
 .text._read    0x0000000008001174       0x1c Core/Src/syscalls.o
                0x0000000008001174                _read
 .text._write   0x0000000008001190       0x1c Core/Src/syscalls.o
                0x0000000008001190                _write
 .text._sbrk    0x00000000080011ac       0x3c Core/Src/syscalls.o
                0x00000000080011ac                _sbrk
 .text._close   0x00000000080011e8        0x8 Core/Src/syscalls.o
                0x00000000080011e8                _close
 .text._fstat   0x00000000080011f0        0xc Core/Src/syscalls.o
                0x00000000080011f0                _fstat
 .text._isatty  0x00000000080011fc        0x4 Core/Src/syscalls.o
                0x00000000080011fc                _isatty
 .text._lseek   0x0000000008001200        0x4 Core/Src/syscalls.o
                0x0000000008001200                _lseek
 .text.SystemInit
                0x0000000008001204       0x80 Core/Src/system_stm32h7xx.o
                0x0000000008001204                SystemInit
 .text.HAL_TIM_OC_MspInit
                0x0000000008001284       0x80 Core/Src/tim.o
                0x0000000008001284                HAL_TIM_OC_MspInit
 .text.HAL_TIM_Base_MspInit
                0x0000000008001304       0x44 Core/Src/tim.o
                0x0000000008001304                HAL_TIM_Base_MspInit
 .text.MX_USART3_UART_Init
                0x0000000008001348       0x9c Core/Src/usart.o
                0x0000000008001348                MX_USART3_UART_Init
 .text.HAL_UART_MspInit
                0x00000000080013e4       0xf8 Core/Src/usart.o
                0x00000000080013e4                HAL_UART_MspInit
 .text.__io_putchar
                0x00000000080014dc       0x30 Core/Src/usart.o
                0x00000000080014dc                __io_putchar
 .text.HAL_Init
                0x000000000800150c       0x70 Drivers/STM32H7xx_HAL_Driver/Src/stm32h7xx_hal.o
                0x000000000800150c                HAL_Init
 .text.HAL_InitTick
                0x000000000800157c       0x6c Drivers/STM32H7xx_HAL_Driver/Src/stm32h7xx_hal.o
                0x000000000800157c                HAL_InitTick
 .text.HAL_IncTick
                0x00000000080015e8       0x28 Drivers/STM32H7xx_HAL_Driver/Src/stm32h7xx_hal.o
                0x00000000080015e8                HAL_IncTick
 .text.HAL_GetTick
                0x0000000008001610       0x18 Drivers/STM32H7xx_HAL_Driver/Src/stm32h7xx_hal.o
                0x0000000008001610                HAL_GetTick
 .text.HAL_Delay
                0x0000000008001628       0x44 Drivers/STM32H7xx_HAL_Driver/Src/stm32h7xx_hal.o
                0x0000000008001628                HAL_Delay
 .text.HAL_GetREVID
                0x000000000800166c       0x18 Drivers/STM32H7xx_HAL_Driver/Src/stm32h7xx_hal.o
                0x000000000800166c                HAL_GetREVID
 .text.LL_ADC_SetCommonClock
                0x0000000008001684       0x26 Drivers/STM32H7xx_HAL_Driver/Src/stm32h7xx_hal_adc.o
 .text.LL_ADC_SetCommonPathInternalCh
                0x00000000080016aa       0x26 Drivers/STM32H7xx_HAL_Driver/Src/stm32h7xx_hal_adc.o
 .text.LL_ADC_GetCommonPathInternalCh
                0x00000000080016d0       0x1c Drivers/STM32H7xx_HAL_Driver/Src/stm32h7xx_hal_adc.o
 .text.LL_ADC_GetResolution
                0x00000000080016ec       0x48 Drivers/STM32H7xx_HAL_Driver/Src/stm32h7xx_hal_adc.o
 .text.LL_ADC_SetOffset
                0x0000000008001734       0x3a Drivers/STM32H7xx_HAL_Driver/Src/stm32h7xx_hal_adc.o
 .text.LL_ADC_SetOffsetSignedSaturation
                0x000000000800176e       0x30 Drivers/STM32H7xx_HAL_Driver/Src/stm32h7xx_hal_adc.o
 .text.LL_ADC_REG_IsTriggerSourceSWStart
                0x000000000800179e       0x26 Drivers/STM32H7xx_HAL_Driver/Src/stm32h7xx_hal_adc.o
 .text.LL_ADC_REG_SetSequencerRanks
                0x00000000080017c4       0x52 Drivers/STM32H7xx_HAL_Driver/Src/stm32h7xx_hal_adc.o
 .text.LL_ADC_INJ_IsTriggerSourceSWStart
                0x0000000008001816       0x26 Drivers/STM32H7xx_HAL_Driver/Src/stm32h7xx_hal_adc.o
 .text.LL_ADC_SetChannelSamplingTime
                0x000000000800183c       0x50 Drivers/STM32H7xx_HAL_Driver/Src/stm32h7xx_hal_adc.o
 .text.LL_ADC_SetChannelSingleDiff
                0x000000000800188c       0x48 Drivers/STM32H7xx_HAL_Driver/Src/stm32h7xx_hal_adc.o
 .text.LL_ADC_GetMultimode
                0x00000000080018d4       0x1c Drivers/STM32H7xx_HAL_Driver/Src/stm32h7xx_hal_adc.o
 .text.LL_ADC_GetMultiDMATransfer
                0x00000000080018f0       0x1c Drivers/STM32H7xx_HAL_Driver/Src/stm32h7xx_hal_adc.o
 .text.LL_ADC_DisableDeepPowerDown
                0x000000000800190c       0x24 Drivers/STM32H7xx_HAL_Driver/Src/stm32h7xx_hal_adc.o
 .text.LL_ADC_IsDeepPowerDownEnabled
                0x0000000008001930       0x28 Drivers/STM32H7xx_HAL_Driver/Src/stm32h7xx_hal_adc.o
 .text.LL_ADC_EnableInternalRegulator
                0x0000000008001958       0x28 Drivers/STM32H7xx_HAL_Driver/Src/stm32h7xx_hal_adc.o
 .text.LL_ADC_IsInternalRegulatorEnabled
                0x0000000008001980       0x28 Drivers/STM32H7xx_HAL_Driver/Src/stm32h7xx_hal_adc.o
 .text.LL_ADC_Enable
                0x00000000080019a8       0x28 Drivers/STM32H7xx_HAL_Driver/Src/stm32h7xx_hal_adc.o
 .text.LL_ADC_Disable
                0x00000000080019d0       0x28 Drivers/STM32H7xx_HAL_Driver/Src/stm32h7xx_hal_adc.o
 .text.LL_ADC_IsEnabled
                0x00000000080019f8       0x26 Drivers/STM32H7xx_HAL_Driver/Src/stm32h7xx_hal_adc.o
 .text.LL_ADC_IsDisableOngoing
                0x0000000008001a1e       0x26 Drivers/STM32H7xx_HAL_Driver/Src/stm32h7xx_hal_adc.o
 .text.LL_ADC_REG_StartConversion
                0x0000000008001a44       0x28 Drivers/STM32H7xx_HAL_Driver/Src/stm32h7xx_hal_adc.o
 .text.LL_ADC_REG_IsConversionOngoing
                0x0000000008001a6c       0x26 Drivers/STM32H7xx_HAL_Driver/Src/stm32h7xx_hal_adc.o
 .text.LL_ADC_INJ_IsConversionOngoing
                0x0000000008001a92       0x26 Drivers/STM32H7xx_HAL_Driver/Src/stm32h7xx_hal_adc.o
 .text.HAL_ADC_Init
                0x0000000008001ab8      0x764 Drivers/STM32H7xx_HAL_Driver/Src/stm32h7xx_hal_adc.o
                0x0000000008001ab8                HAL_ADC_Init
 .text.HAL_ADC_Start_IT
                0x000000000800221c      0x2b4 Drivers/STM32H7xx_HAL_Driver/Src/stm32h7xx_hal_adc.o
                0x000000000800221c                HAL_ADC_Start_IT
 .text.HAL_ADC_GetValue
                0x00000000080024d0       0x50 Drivers/STM32H7xx_HAL_Driver/Src/stm32h7xx_hal_adc.o
                0x00000000080024d0                HAL_ADC_GetValue
 .text.HAL_ADC_IRQHandler
                0x0000000008002520      0x4c0 Drivers/STM32H7xx_HAL_Driver/Src/stm32h7xx_hal_adc.o
                0x0000000008002520                HAL_ADC_IRQHandler
 .text.HAL_ADC_LevelOutOfWindowCallback
                0x00000000080029e0       0x14 Drivers/STM32H7xx_HAL_Driver/Src/stm32h7xx_hal_adc.o
                0x00000000080029e0                HAL_ADC_LevelOutOfWindowCallback
 .text.HAL_ADC_ErrorCallback
                0x00000000080029f4       0x14 Drivers/STM32H7xx_HAL_Driver/Src/stm32h7xx_hal_adc.o
                0x00000000080029f4                HAL_ADC_ErrorCallback
 .text.HAL_ADC_ConfigChannel
                0x0000000008002a08      0xb60 Drivers/STM32H7xx_HAL_Driver/Src/stm32h7xx_hal_adc.o
                0x0000000008002a08                HAL_ADC_ConfigChannel
 .text.ADC_Enable
                0x0000000008003568      0x108 Drivers/STM32H7xx_HAL_Driver/Src/stm32h7xx_hal_adc.o
                0x0000000008003568                ADC_Enable
 .text.ADC_Disable
                0x0000000008003670       0xb0 Drivers/STM32H7xx_HAL_Driver/Src/stm32h7xx_hal_adc.o
                0x0000000008003670                ADC_Disable
 .text.ADC_ConfigureBoostMode
                0x0000000008003720      0x1fc Drivers/STM32H7xx_HAL_Driver/Src/stm32h7xx_hal_adc.o
                0x0000000008003720                ADC_ConfigureBoostMode
 .text.LL_ADC_IsEnabled
                0x000000000800391c       0x26 Drivers/STM32H7xx_HAL_Driver/Src/stm32h7xx_hal_adc_ex.o
 *fill*         0x0000000008003942        0x2 
 .text.LL_ADC_StartCalibration
                0x0000000008003944       0x3c Drivers/STM32H7xx_HAL_Driver/Src/stm32h7xx_hal_adc_ex.o
 .text.LL_ADC_IsCalibrationOnGoing
                0x0000000008003980       0x28 Drivers/STM32H7xx_HAL_Driver/Src/stm32h7xx_hal_adc_ex.o
 .text.LL_ADC_REG_IsConversionOngoing
                0x00000000080039a8       0x26 Drivers/STM32H7xx_HAL_Driver/Src/stm32h7xx_hal_adc_ex.o
 *fill*         0x00000000080039ce        0x2 
 .text.HAL_ADCEx_Calibration_Start
                0x00000000080039d0      0x11c Drivers/STM32H7xx_HAL_Driver/Src/stm32h7xx_hal_adc_ex.o
                0x00000000080039d0                HAL_ADCEx_Calibration_Start
 .text.HAL_ADCEx_InjectedConvCpltCallback
                0x0000000008003aec       0x14 Drivers/STM32H7xx_HAL_Driver/Src/stm32h7xx_hal_adc_ex.o
                0x0000000008003aec                HAL_ADCEx_InjectedConvCpltCallback
 .text.HAL_ADCEx_InjectedQueueOverflowCallback
                0x0000000008003b00       0x14 Drivers/STM32H7xx_HAL_Driver/Src/stm32h7xx_hal_adc_ex.o
                0x0000000008003b00                HAL_ADCEx_InjectedQueueOverflowCallback
 .text.HAL_ADCEx_LevelOutOfWindow2Callback
                0x0000000008003b14       0x14 Drivers/STM32H7xx_HAL_Driver/Src/stm32h7xx_hal_adc_ex.o
                0x0000000008003b14                HAL_ADCEx_LevelOutOfWindow2Callback
 .text.HAL_ADCEx_LevelOutOfWindow3Callback
                0x0000000008003b28       0x14 Drivers/STM32H7xx_HAL_Driver/Src/stm32h7xx_hal_adc_ex.o
                0x0000000008003b28                HAL_ADCEx_LevelOutOfWindow3Callback
 .text.HAL_ADCEx_EndOfSamplingCallback
                0x0000000008003b3c       0x14 Drivers/STM32H7xx_HAL_Driver/Src/stm32h7xx_hal_adc_ex.o
                0x0000000008003b3c                HAL_ADCEx_EndOfSamplingCallback
 .text.HAL_ADCEx_MultiModeConfigChannel
                0x0000000008003b50      0x2a8 Drivers/STM32H7xx_HAL_Driver/Src/stm32h7xx_hal_adc_ex.o
                0x0000000008003b50                HAL_ADCEx_MultiModeConfigChannel
 .text.__NVIC_SetPriorityGrouping
                0x0000000008003df8       0x48 Drivers/STM32H7xx_HAL_Driver/Src/stm32h7xx_hal_cortex.o
 .text.__NVIC_GetPriorityGrouping
                0x0000000008003e40       0x1c Drivers/STM32H7xx_HAL_Driver/Src/stm32h7xx_hal_cortex.o
 .text.__NVIC_EnableIRQ
                0x0000000008003e5c       0x3c Drivers/STM32H7xx_HAL_Driver/Src/stm32h7xx_hal_cortex.o
 .text.__NVIC_SetPriority
                0x0000000008003e98       0x54 Drivers/STM32H7xx_HAL_Driver/Src/stm32h7xx_hal_cortex.o
 .text.NVIC_EncodePriority
                0x0000000008003eec       0x66 Drivers/STM32H7xx_HAL_Driver/Src/stm32h7xx_hal_cortex.o
 *fill*         0x0000000008003f52        0x2 
 .text.SysTick_Config
                0x0000000008003f54       0x44 Drivers/STM32H7xx_HAL_Driver/Src/stm32h7xx_hal_cortex.o
 .text.HAL_NVIC_SetPriorityGrouping
                0x0000000008003f98       0x40 Drivers/STM32H7xx_HAL_Driver/Src/stm32h7xx_hal_cortex.o
                0x0000000008003f98                HAL_NVIC_SetPriorityGrouping
 .text.HAL_NVIC_SetPriority
                0x0000000008003fd8       0x54 Drivers/STM32H7xx_HAL_Driver/Src/stm32h7xx_hal_cortex.o
                0x0000000008003fd8                HAL_NVIC_SetPriority
 .text.HAL_NVIC_EnableIRQ
                0x000000000800402c       0x30 Drivers/STM32H7xx_HAL_Driver/Src/stm32h7xx_hal_cortex.o
                0x000000000800402c                HAL_NVIC_EnableIRQ
 .text.HAL_SYSTICK_Config
                0x000000000800405c       0x18 Drivers/STM32H7xx_HAL_Driver/Src/stm32h7xx_hal_cortex.o
                0x000000000800405c                HAL_SYSTICK_Config
 .text.HAL_DAC_Init
                0x0000000008004074       0x60 Drivers/STM32H7xx_HAL_Driver/Src/stm32h7xx_hal_dac.o
                0x0000000008004074                HAL_DAC_Init
 .text.HAL_DAC_Start
                0x00000000080040d4       0xb0 Drivers/STM32H7xx_HAL_Driver/Src/stm32h7xx_hal_dac.o
                0x00000000080040d4                HAL_DAC_Start
 .text.HAL_DAC_SetValue
                0x0000000008004184       0x90 Drivers/STM32H7xx_HAL_Driver/Src/stm32h7xx_hal_dac.o
                0x0000000008004184                HAL_DAC_SetValue
 .text.HAL_DAC_ConfigChannel
                0x0000000008004214      0x39c Drivers/STM32H7xx_HAL_Driver/Src/stm32h7xx_hal_dac.o
                0x0000000008004214                HAL_DAC_ConfigChannel
 .text.HAL_DMA_Init
                0x00000000080045b0      0x7d4 Drivers/STM32H7xx_HAL_Driver/Src/stm32h7xx_hal_dma.o
                0x00000000080045b0                HAL_DMA_Init
 .text.HAL_DMA_IRQHandler
                0x0000000008004d84      0xe54 Drivers/STM32H7xx_HAL_Driver/Src/stm32h7xx_hal_dma.o
                0x0000000008004d84                HAL_DMA_IRQHandler
 .text.DMA_CalcBaseAndBitshift
                0x0000000008005bd8      0x164 Drivers/STM32H7xx_HAL_Driver/Src/stm32h7xx_hal_dma.o
 .text.DMA_CheckFifoParam
                0x0000000008005d3c       0xf8 Drivers/STM32H7xx_HAL_Driver/Src/stm32h7xx_hal_dma.o
 .text.DMA_CalcDMAMUXChannelBaseAndMask
                0x0000000008005e34      0x134 Drivers/STM32H7xx_HAL_Driver/Src/stm32h7xx_hal_dma.o
 .text.DMA_CalcDMAMUXRequestGenBaseAndMask
                0x0000000008005f68       0xe8 Drivers/STM32H7xx_HAL_Driver/Src/stm32h7xx_hal_dma.o
 .text.HAL_GPIO_Init
                0x0000000008006050      0x560 Drivers/STM32H7xx_HAL_Driver/Src/stm32h7xx_hal_gpio.o
                0x0000000008006050                HAL_GPIO_Init
 .text.HAL_GPIO_WritePin
                0x00000000080065b0       0x68 Drivers/STM32H7xx_HAL_Driver/Src/stm32h7xx_hal_gpio.o
                0x00000000080065b0                HAL_GPIO_WritePin
 .text.HAL_GPIO_EXTI_IRQHandler
                0x0000000008006618       0x30 Drivers/STM32H7xx_HAL_Driver/Src/stm32h7xx_hal_gpio.o
                0x0000000008006618                HAL_GPIO_EXTI_IRQHandler
 .text.HAL_HRTIM_Init
                0x0000000008006648      0x24c Drivers/STM32H7xx_HAL_Driver/Src/stm32h7xx_hal_hrtim.o
                0x0000000008006648                HAL_HRTIM_Init
 .text.HAL_HRTIM_TimeBaseConfig
                0x0000000008006894       0xf0 Drivers/STM32H7xx_HAL_Driver/Src/stm32h7xx_hal_hrtim.o
                0x0000000008006894                HAL_HRTIM_TimeBaseConfig
 .text.HAL_HRTIM_SimplePWMChannelConfig
                0x0000000008006984      0x1fc Drivers/STM32H7xx_HAL_Driver/Src/stm32h7xx_hal_hrtim.o
                0x0000000008006984                HAL_HRTIM_SimplePWMChannelConfig
 .text.HAL_HRTIM_SimplePWMStart
                0x0000000008006b80       0xe0 Drivers/STM32H7xx_HAL_Driver/Src/stm32h7xx_hal_hrtim.o
                0x0000000008006b80                HAL_HRTIM_SimplePWMStart
 .text.HAL_HRTIM_ADCTriggerConfig
                0x0000000008006c60      0x1b8 Drivers/STM32H7xx_HAL_Driver/Src/stm32h7xx_hal_hrtim.o
                0x0000000008006c60                HAL_HRTIM_ADCTriggerConfig
 .text.HRTIM_MasterBase_Config
                0x0000000008006e18       0x5e Drivers/STM32H7xx_HAL_Driver/Src/stm32h7xx_hal_hrtim.o
 .text.HRTIM_TimingUnitBase_Config
                0x0000000008006e76       0x80 Drivers/STM32H7xx_HAL_Driver/Src/stm32h7xx_hal_hrtim.o
 .text.HRTIM_OutputConfig
                0x0000000008006ef6      0x16c Drivers/STM32H7xx_HAL_Driver/Src/stm32h7xx_hal_hrtim.o
 *fill*         0x0000000008007062        0x2 
 .text.HAL_PWREx_ConfigSupply
                0x0000000008007064       0x88 Drivers/STM32H7xx_HAL_Driver/Src/stm32h7xx_hal_pwr_ex.o
                0x0000000008007064                HAL_PWREx_ConfigSupply
 .text.HAL_RCC_OscConfig
                0x00000000080070ec      0x9c0 Drivers/STM32H7xx_HAL_Driver/Src/stm32h7xx_hal_rcc.o
                0x00000000080070ec                HAL_RCC_OscConfig
 .text.HAL_RCC_ClockConfig
                0x0000000008007aac      0x6b4 Drivers/STM32H7xx_HAL_Driver/Src/stm32h7xx_hal_rcc.o
                0x0000000008007aac                HAL_RCC_ClockConfig
 .text.HAL_RCC_GetSysClockFreq
                0x0000000008008160      0x2e4 Drivers/STM32H7xx_HAL_Driver/Src/stm32h7xx_hal_rcc.o
                0x0000000008008160                HAL_RCC_GetSysClockFreq
 .text.HAL_RCC_GetHCLKFreq
                0x0000000008008444       0x38 Drivers/STM32H7xx_HAL_Driver/Src/stm32h7xx_hal_rcc.o
                0x0000000008008444                HAL_RCC_GetHCLKFreq
 .text.HAL_RCC_GetPCLK1Freq
                0x000000000800847c       0x2c Drivers/STM32H7xx_HAL_Driver/Src/stm32h7xx_hal_rcc.o
                0x000000000800847c                HAL_RCC_GetPCLK1Freq
 .text.HAL_RCC_GetPCLK2Freq
                0x00000000080084a8       0x2c Drivers/STM32H7xx_HAL_Driver/Src/stm32h7xx_hal_rcc.o
                0x00000000080084a8                HAL_RCC_GetPCLK2Freq
 .text.HAL_RCCEx_PeriphCLKConfig
                0x00000000080084d4     0x1344 Drivers/STM32H7xx_HAL_Driver/Src/stm32h7xx_hal_rcc_ex.o
                0x00000000080084d4                HAL_RCCEx_PeriphCLKConfig
 .text.HAL_RCCEx_GetPeriphCLKFreq
                0x0000000008009818      0x424 Drivers/STM32H7xx_HAL_Driver/Src/stm32h7xx_hal_rcc_ex.o
                0x0000000008009818                HAL_RCCEx_GetPeriphCLKFreq
 .text.HAL_RCCEx_GetD3PCLK1Freq
                0x0000000008009c3c       0x2c Drivers/STM32H7xx_HAL_Driver/Src/stm32h7xx_hal_rcc_ex.o
                0x0000000008009c3c                HAL_RCCEx_GetD3PCLK1Freq
 .text.HAL_RCCEx_GetPLL2ClockFreq
                0x0000000008009c68      0x298 Drivers/STM32H7xx_HAL_Driver/Src/stm32h7xx_hal_rcc_ex.o
                0x0000000008009c68                HAL_RCCEx_GetPLL2ClockFreq
 .text.HAL_RCCEx_GetPLL3ClockFreq
                0x0000000008009f00      0x298 Drivers/STM32H7xx_HAL_Driver/Src/stm32h7xx_hal_rcc_ex.o
                0x0000000008009f00                HAL_RCCEx_GetPLL3ClockFreq
 .text.HAL_RCCEx_GetPLL1ClockFreq
                0x000000000800a198      0x298 Drivers/STM32H7xx_HAL_Driver/Src/stm32h7xx_hal_rcc_ex.o
                0x000000000800a198                HAL_RCCEx_GetPLL1ClockFreq
 .text.HAL_RCCEx_GetD1SysClockFreq
                0x000000000800a430       0x38 Drivers/STM32H7xx_HAL_Driver/Src/stm32h7xx_hal_rcc_ex.o
                0x000000000800a430                HAL_RCCEx_GetD1SysClockFreq
 .text.RCCEx_PLL2_Config
                0x000000000800a468      0x244 Drivers/STM32H7xx_HAL_Driver/Src/stm32h7xx_hal_rcc_ex.o
 .text.RCCEx_PLL3_Config
                0x000000000800a6ac      0x24c Drivers/STM32H7xx_HAL_Driver/Src/stm32h7xx_hal_rcc_ex.o
 .text.HAL_TIM_Base_Init
                0x000000000800a8f8      0x198 Drivers/STM32H7xx_HAL_Driver/Src/stm32h7xx_hal_tim.o
                0x000000000800a8f8                HAL_TIM_Base_Init
 .text.HAL_TIM_Base_Start
                0x000000000800aa90      0x120 Drivers/STM32H7xx_HAL_Driver/Src/stm32h7xx_hal_tim.o
                0x000000000800aa90                HAL_TIM_Base_Start
 .text.HAL_TIM_OC_Init
                0x000000000800abb0      0x198 Drivers/STM32H7xx_HAL_Driver/Src/stm32h7xx_hal_tim.o
                0x000000000800abb0                HAL_TIM_OC_Init
 .text.HAL_TIM_OC_Start_IT
                0x000000000800ad48      0x2c4 Drivers/STM32H7xx_HAL_Driver/Src/stm32h7xx_hal_tim.o
                0x000000000800ad48                HAL_TIM_OC_Start_IT
 .text.HAL_TIM_IRQHandler
                0x000000000800b00c      0x23e Drivers/STM32H7xx_HAL_Driver/Src/stm32h7xx_hal_tim.o
                0x000000000800b00c                HAL_TIM_IRQHandler
 *fill*         0x000000000800b24a        0x2 
 .text.HAL_TIM_OC_ConfigChannel
                0x000000000800b24c      0x388 Drivers/STM32H7xx_HAL_Driver/Src/stm32h7xx_hal_tim.o
                0x000000000800b24c                HAL_TIM_OC_ConfigChannel
 .text.HAL_TIM_OC_DelayElapsedCallback
                0x000000000800b5d4       0x14 Drivers/STM32H7xx_HAL_Driver/Src/stm32h7xx_hal_tim.o
                0x000000000800b5d4                HAL_TIM_OC_DelayElapsedCallback
 .text.HAL_TIM_IC_CaptureCallback
                0x000000000800b5e8       0x14 Drivers/STM32H7xx_HAL_Driver/Src/stm32h7xx_hal_tim.o
                0x000000000800b5e8                HAL_TIM_IC_CaptureCallback
 .text.HAL_TIM_PWM_PulseFinishedCallback
                0x000000000800b5fc       0x14 Drivers/STM32H7xx_HAL_Driver/Src/stm32h7xx_hal_tim.o
                0x000000000800b5fc                HAL_TIM_PWM_PulseFinishedCallback
 .text.HAL_TIM_TriggerCallback
                0x000000000800b610       0x14 Drivers/STM32H7xx_HAL_Driver/Src/stm32h7xx_hal_tim.o
                0x000000000800b610                HAL_TIM_TriggerCallback
 .text.TIM_Base_SetConfig
                0x000000000800b624      0x134 Drivers/STM32H7xx_HAL_Driver/Src/stm32h7xx_hal_tim.o
                0x000000000800b624                TIM_Base_SetConfig
 .text.TIM_OC1_SetConfig
                0x000000000800b758      0x174 Drivers/STM32H7xx_HAL_Driver/Src/stm32h7xx_hal_tim.o
 .text.TIM_OC2_SetConfig
                0x000000000800b8cc      0x164 Drivers/STM32H7xx_HAL_Driver/Src/stm32h7xx_hal_tim.o
                0x000000000800b8cc                TIM_OC2_SetConfig
 .text.TIM_OC3_SetConfig
                0x000000000800ba30      0x160 Drivers/STM32H7xx_HAL_Driver/Src/stm32h7xx_hal_tim.o
 .text.TIM_OC4_SetConfig
                0x000000000800bb90       0xec Drivers/STM32H7xx_HAL_Driver/Src/stm32h7xx_hal_tim.o
 .text.TIM_OC5_SetConfig
                0x000000000800bc7c       0xc4 Drivers/STM32H7xx_HAL_Driver/Src/stm32h7xx_hal_tim.o
 .text.TIM_OC6_SetConfig
                0x000000000800bd40       0xc8 Drivers/STM32H7xx_HAL_Driver/Src/stm32h7xx_hal_tim.o
 .text.TIM_CCxChannelCmd
                0x000000000800be08      0x114 Drivers/STM32H7xx_HAL_Driver/Src/stm32h7xx_hal_tim.o
                0x000000000800be08                TIM_CCxChannelCmd
 .text.HAL_TIMEx_MasterConfigSynchronization
                0x000000000800bf1c      0x23c Drivers/STM32H7xx_HAL_Driver/Src/stm32h7xx_hal_tim_ex.o
                0x000000000800bf1c                HAL_TIMEx_MasterConfigSynchronization
 .text.HAL_TIMEx_CommutCallback
                0x000000000800c158       0x14 Drivers/STM32H7xx_HAL_Driver/Src/stm32h7xx_hal_tim_ex.o
                0x000000000800c158                HAL_TIMEx_CommutCallback
 .text.HAL_TIMEx_BreakCallback
                0x000000000800c16c       0x14 Drivers/STM32H7xx_HAL_Driver/Src/stm32h7xx_hal_tim_ex.o
                0x000000000800c16c                HAL_TIMEx_BreakCallback
 .text.HAL_TIMEx_Break2Callback
                0x000000000800c180       0x14 Drivers/STM32H7xx_HAL_Driver/Src/stm32h7xx_hal_tim_ex.o
                0x000000000800c180                HAL_TIMEx_Break2Callback
 .text.HAL_UART_Init
                0x000000000800c194      0x19c Drivers/STM32H7xx_HAL_Driver/Src/stm32h7xx_hal_uart.o
                0x000000000800c194                HAL_UART_Init
 .text.HAL_UART_Transmit
                0x000000000800c330      0x12c Drivers/STM32H7xx_HAL_Driver/Src/stm32h7xx_hal_uart.o
                0x000000000800c330                HAL_UART_Transmit
 .text.HAL_UART_GetState
                0x000000000800c45c       0x2a Drivers/STM32H7xx_HAL_Driver/Src/stm32h7xx_hal_uart.o
                0x000000000800c45c                HAL_UART_GetState
 *fill*         0x000000000800c486        0x2 
 .text.UART_SetConfig
                0x000000000800c488     0x24b4 Drivers/STM32H7xx_HAL_Driver/Src/stm32h7xx_hal_uart.o
                0x000000000800c488                UART_SetConfig
 .text.UART_AdvFeatureConfig
                0x000000000800e93c      0x2ec Drivers/STM32H7xx_HAL_Driver/Src/stm32h7xx_hal_uart.o
                0x000000000800e93c                UART_AdvFeatureConfig
 .text.UART_CheckIdleState
                0x000000000800ec28       0x90 Drivers/STM32H7xx_HAL_Driver/Src/stm32h7xx_hal_uart.o
                0x000000000800ec28                UART_CheckIdleState
 .text.UART_WaitOnFlagUntilTimeout
                0x000000000800ecb8       0x94 Drivers/STM32H7xx_HAL_Driver/Src/stm32h7xx_hal_uart.o
                0x000000000800ecb8                UART_WaitOnFlagUntilTimeout
 .text.HAL_UARTEx_DisableFifoMode
                0x000000000800ed4c       0xec Drivers/STM32H7xx_HAL_Driver/Src/stm32h7xx_hal_uart_ex.o
                0x000000000800ed4c                HAL_UARTEx_DisableFifoMode
 .text.HAL_UARTEx_SetTxFifoThreshold
                0x000000000800ee38      0x134 Drivers/STM32H7xx_HAL_Driver/Src/stm32h7xx_hal_uart_ex.o
                0x000000000800ee38                HAL_UARTEx_SetTxFifoThreshold
 .text.HAL_UARTEx_SetRxFifoThreshold
                0x000000000800ef6c      0x134 Drivers/STM32H7xx_HAL_Driver/Src/stm32h7xx_hal_uart_ex.o
                0x000000000800ef6c                HAL_UARTEx_SetRxFifoThreshold
 .text.UARTEx_SetNbDataToProcess
                0x000000000800f0a0       0xd0 Drivers/STM32H7xx_HAL_Driver/Src/stm32h7xx_hal_uart_ex.o
 .text.cisInit  0x000000000800f170       0x20 Peripheral/Src/cis.o
                0x000000000800f170                cisInit
 .text.cisCalibration
                0x000000000800f190       0x8c Peripheral/Src/cis.o
                0x000000000800f190                cisCalibration
 .text.HAL_GPIO_EXTI_Callback
                0x000000000800f21c       0x1a Peripheral/Src/cis.o
                0x000000000800f21c                HAL_GPIO_EXTI_Callback
 *fill*         0x000000000800f236        0x2 
 .text.cisTIM_Init
                0x000000000800f238      0x108 Peripheral/Src/cis.o
                0x000000000800f238                cisTIM_Init
 .text.cisADC_Init
                0x000000000800f340      0x124 Peripheral/Src/cis.o
                0x000000000800f340                cisADC_Init
 .text.HAL_ADC_ConvCpltCallback
                0x000000000800f464      0x210 Peripheral/Src/cis.o
                0x000000000800f464                HAL_ADC_ConvCpltCallback
 .text.synth_init
                0x000000000800f674       0xd0 Peripheral/Src/synth.o
                0x000000000800f674                synth_init
 .text.initDacTimer
                0x000000000800f744       0x9c Peripheral/Src/synth.o
                0x000000000800f744                initDacTimer
 .text.initSamplingTimer
                0x000000000800f7e0       0xb4 Peripheral/Src/synth.o
                0x000000000800f7e0                initSamplingTimer
 .text.HAL_TIM_PeriodElapsedCallback
                0x000000000800f894      0x14c Peripheral/Src/synth.o
                0x000000000800f894                HAL_TIM_PeriodElapsedCallback
 .text.calculate_frequency
                0x000000000800f9e0       0x60 Peripheral/Src/wave_generation.o
 .text.init_waves
                0x000000000800fa40      0x268 Peripheral/Src/wave_generation.o
                0x000000000800fa40                init_waves
 .text.Reset_Handler
                0x000000000800fca8       0x50 startup/startup_stm32h743xx.o
                0x000000000800fca8                Reset_Handler
 .text.Default_Handler
                0x000000000800fcf8        0x2 startup/startup_stm32h743xx.o
                0x000000000800fcf8                RTC_Alarm_IRQHandler
                0x000000000800fcf8                EXTI2_IRQHandler
                0x000000000800fcf8                TIM8_CC_IRQHandler
                0x000000000800fcf8                HRTIM1_Master_IRQHandler
                0x000000000800fcf8                DebugMon_Handler
                0x000000000800fcf8                UART8_IRQHandler
                0x000000000800fcf8                SPI4_IRQHandler
                0x000000000800fcf8                TIM1_CC_IRQHandler
                0x000000000800fcf8                BDMA_Channel6_IRQHandler
                0x000000000800fcf8                DMA2_Stream5_IRQHandler
                0x000000000800fcf8                HardFault_Handler
                0x000000000800fcf8                HRTIM1_FLT_IRQHandler
                0x000000000800fcf8                JPEG_IRQHandler
                0x000000000800fcf8                DMA1_Stream5_IRQHandler
                0x000000000800fcf8                BDMA_Channel1_IRQHandler
                0x000000000800fcf8                HRTIM1_TIMD_IRQHandler
                0x000000000800fcf8                TAMP_STAMP_IRQHandler
                0x000000000800fcf8                NMI_Handler
                0x000000000800fcf8                EXTI3_IRQHandler
                0x000000000800fcf8                LPTIM4_IRQHandler
                0x000000000800fcf8                TIM8_TRG_COM_TIM14_IRQHandler
                0x000000000800fcf8                LPTIM2_IRQHandler
                0x000000000800fcf8                DFSDM1_FLT1_IRQHandler
                0x000000000800fcf8                DMAMUX2_OVR_IRQHandler
                0x000000000800fcf8                TIM8_UP_TIM13_IRQHandler
                0x000000000800fcf8                I2C3_ER_IRQHandler
                0x000000000800fcf8                DFSDM1_FLT2_IRQHandler
                0x000000000800fcf8                MDMA_IRQHandler
                0x000000000800fcf8                LPTIM3_IRQHandler
                0x000000000800fcf8                HSEM1_IRQHandler
                0x000000000800fcf8                EXTI0_IRQHandler
                0x000000000800fcf8                I2C2_EV_IRQHandler
                0x000000000800fcf8                DMA1_Stream2_IRQHandler
                0x000000000800fcf8                FPU_IRQHandler
                0x000000000800fcf8                OTG_HS_WKUP_IRQHandler
                0x000000000800fcf8                FDCAN1_IT1_IRQHandler
                0x000000000800fcf8                UsageFault_Handler
                0x000000000800fcf8                LTDC_ER_IRQHandler
                0x000000000800fcf8                DMA2_Stream2_IRQHandler
                0x000000000800fcf8                HRTIM1_TIME_IRQHandler
                0x000000000800fcf8                SPI1_IRQHandler
                0x000000000800fcf8                TIM6_DAC_IRQHandler
                0x000000000800fcf8                DCMI_IRQHandler
                0x000000000800fcf8                HRTIM1_TIMC_IRQHandler
                0x000000000800fcf8                DMA2_Stream3_IRQHandler
                0x000000000800fcf8                SAI2_IRQHandler
                0x000000000800fcf8                DFSDM1_FLT3_IRQHandler
                0x000000000800fcf8                USART6_IRQHandler
                0x000000000800fcf8                TIM17_IRQHandler
                0x000000000800fcf8                USART3_IRQHandler
                0x000000000800fcf8                BDMA_Channel7_IRQHandler
                0x000000000800fcf8                LPTIM5_IRQHandler
                0x000000000800fcf8                UART5_IRQHandler
                0x000000000800fcf8                ADC3_IRQHandler
                0x000000000800fcf8                DMA2_Stream0_IRQHandler
                0x000000000800fcf8                TIM4_IRQHandler
                0x000000000800fcf8                BDMA_Channel2_IRQHandler
                0x000000000800fcf8                QUADSPI_IRQHandler
                0x000000000800fcf8                I2C1_EV_IRQHandler
                0x000000000800fcf8                DMA1_Stream6_IRQHandler
                0x000000000800fcf8                DMAMUX1_OVR_IRQHandler
                0x000000000800fcf8                DMA1_Stream1_IRQHandler
                0x000000000800fcf8                TIM16_IRQHandler
                0x000000000800fcf8                UART4_IRQHandler
                0x000000000800fcf8                BDMA_Channel5_IRQHandler
                0x000000000800fcf8                TIM3_IRQHandler
                0x000000000800fcf8                RCC_IRQHandler
                0x000000000800fcf8                TIM8_BRK_TIM12_IRQHandler
                0x000000000800fcf8                TIM1_TRG_COM_IRQHandler
                0x000000000800fcf8                Default_Handler
                0x000000000800fcf8                ECC_IRQHandler
                0x000000000800fcf8                CEC_IRQHandler
                0x000000000800fcf8                BDMA_Channel0_IRQHandler
                0x000000000800fcf8                DMA1_Stream7_IRQHandler
                0x000000000800fcf8                HRTIM1_TIMA_IRQHandler
                0x000000000800fcf8                SPI5_IRQHandler
                0x000000000800fcf8                TIM7_IRQHandler
                0x000000000800fcf8                SDMMC1_IRQHandler
                0x000000000800fcf8                TIM5_IRQHandler
                0x000000000800fcf8                DMA2_Stream7_IRQHandler
                0x000000000800fcf8                PVD_AVD_IRQHandler
                0x000000000800fcf8                I2C3_EV_IRQHandler
                0x000000000800fcf8                EXTI9_5_IRQHandler
                0x000000000800fcf8                RTC_WKUP_IRQHandler
                0x000000000800fcf8                LTDC_IRQHandler
                0x000000000800fcf8                SAI3_IRQHandler
                0x000000000800fcf8                ETH_WKUP_IRQHandler
                0x000000000800fcf8                SPDIF_RX_IRQHandler
                0x000000000800fcf8                SPI2_IRQHandler
                0x000000000800fcf8                OTG_HS_EP1_IN_IRQHandler
                0x000000000800fcf8                MemManage_Handler
                0x000000000800fcf8                CRS_IRQHandler
                0x000000000800fcf8                EXTI4_IRQHandler
                0x000000000800fcf8                RNG_IRQHandler
                0x000000000800fcf8                HRTIM1_TIMB_IRQHandler
                0x000000000800fcf8                FDCAN2_IT1_IRQHandler
                0x000000000800fcf8                ETH_IRQHandler
                0x000000000800fcf8                TIM1_UP_IRQHandler
                0x000000000800fcf8                BDMA_Channel4_IRQHandler
                0x000000000800fcf8                OTG_HS_EP1_OUT_IRQHandler
                0x000000000800fcf8                WWDG_IRQHandler
                0x000000000800fcf8                SPI6_IRQHandler
                0x000000000800fcf8                MDIOS_IRQHandler
                0x000000000800fcf8                I2C4_EV_IRQHandler
                0x000000000800fcf8                FDCAN2_IT0_IRQHandler
                0x000000000800fcf8                LPUART1_IRQHandler
                0x000000000800fcf8                FDCAN1_IT0_IRQHandler
                0x000000000800fcf8                TIM2_IRQHandler
                0x000000000800fcf8                OTG_FS_WKUP_IRQHandler
                0x000000000800fcf8                OTG_HS_IRQHandler
                0x000000000800fcf8                DMA2D_IRQHandler
                0x000000000800fcf8                TIM1_BRK_IRQHandler
                0x000000000800fcf8                EXTI1_IRQHandler
                0x000000000800fcf8                SDMMC2_IRQHandler
                0x000000000800fcf8                OTG_FS_EP1_OUT_IRQHandler
                0x000000000800fcf8                BDMA_Channel3_IRQHandler
                0x000000000800fcf8                UART7_IRQHandler
                0x000000000800fcf8                MDIOS_WKUP_IRQHandler
                0x000000000800fcf8                USART2_IRQHandler
                0x000000000800fcf8                DFSDM1_FLT0_IRQHandler
                0x000000000800fcf8                SAI4_IRQHandler
                0x000000000800fcf8                I2C2_ER_IRQHandler
                0x000000000800fcf8                DMA2_Stream1_IRQHandler
                0x000000000800fcf8                FLASH_IRQHandler
                0x000000000800fcf8                DMA2_Stream4_IRQHandler
                0x000000000800fcf8                BusFault_Handler
                0x000000000800fcf8                USART1_IRQHandler
                0x000000000800fcf8                OTG_FS_IRQHandler
                0x000000000800fcf8                SPI3_IRQHandler
                0x000000000800fcf8                WAKEUP_PIN_IRQHandler
                0x000000000800fcf8                DMA1_Stream4_IRQHandler
                0x000000000800fcf8                OTG_FS_EP1_IN_IRQHandler
                0x000000000800fcf8                I2C1_ER_IRQHandler
                0x000000000800fcf8                FMC_IRQHandler
                0x000000000800fcf8                FDCAN_CAL_IRQHandler
                0x000000000800fcf8                SWPMI1_IRQHandler
                0x000000000800fcf8                COMP1_IRQHandler
                0x000000000800fcf8                LPTIM1_IRQHandler
                0x000000000800fcf8                I2C4_ER_IRQHandler
                0x000000000800fcf8                DMA2_Stream6_IRQHandler
                0x000000000800fcf8                SAI1_IRQHandler
                0x000000000800fcf8                DMA1_Stream3_IRQHandler
 *fill*         0x000000000800fcfa        0x6 
 .text.sin      0x000000000800fd00       0xa0 /home/zhonx/.opt/AC6/plugins/fr.ac6.mcu.externaltools.arm-none.linux64_1.17.0.201812190825/tools/compiler/bin/../lib/gcc/arm-none-eabi/7.3.1/../../../../arm-none-eabi/lib/thumb/v7e-m/fpv5/hard/libm.a(lib_a-s_sin.o)
                0x000000000800fd00                sin
 .text.pow      0x000000000800fda0      0x2a8 /home/zhonx/.opt/AC6/plugins/fr.ac6.mcu.externaltools.arm-none.linux64_1.17.0.201812190825/tools/compiler/bin/../lib/gcc/arm-none-eabi/7.3.1/../../../../arm-none-eabi/lib/thumb/v7e-m/fpv5/hard/libm.a(lib_a-w_pow.o)
                0x000000000800fda0                pow
 .text.__ieee754_pow
                0x0000000008010048      0x774 /home/zhonx/.opt/AC6/plugins/fr.ac6.mcu.externaltools.arm-none.linux64_1.17.0.201812190825/tools/compiler/bin/../lib/gcc/arm-none-eabi/7.3.1/../../../../arm-none-eabi/lib/thumb/v7e-m/fpv5/hard/libm.a(lib_a-e_pow.o)
                0x0000000008010048                __ieee754_pow
 *fill*         0x00000000080107bc        0x4 
 .text.__ieee754_rem_pio2
                0x00000000080107c0      0x294 /home/zhonx/.opt/AC6/plugins/fr.ac6.mcu.externaltools.arm-none.linux64_1.17.0.201812190825/tools/compiler/bin/../lib/gcc/arm-none-eabi/7.3.1/../../../../arm-none-eabi/lib/thumb/v7e-m/fpv5/hard/libm.a(lib_a-e_rem_pio2.o)
                0x00000000080107c0                __ieee754_rem_pio2
 .text.__ieee754_sqrt
                0x0000000008010a54        0x8 /home/zhonx/.opt/AC6/plugins/fr.ac6.mcu.externaltools.arm-none.linux64_1.17.0.201812190825/tools/compiler/bin/../lib/gcc/arm-none-eabi/7.3.1/../../../../arm-none-eabi/lib/thumb/v7e-m/fpv5/hard/libm.a(lib_a-e_sqrt.o)
                0x0000000008010a54                __ieee754_sqrt
 *fill*         0x0000000008010a5c        0x4 
 .text.__kernel_cos
                0x0000000008010a60      0x120 /home/zhonx/.opt/AC6/plugins/fr.ac6.mcu.externaltools.arm-none.linux64_1.17.0.201812190825/tools/compiler/bin/../lib/gcc/arm-none-eabi/7.3.1/../../../../arm-none-eabi/lib/thumb/v7e-m/fpv5/hard/libm.a(lib_a-k_cos.o)
                0x0000000008010a60                __kernel_cos
 .text.__kernel_rem_pio2
                0x0000000008010b80      0x694 /home/zhonx/.opt/AC6/plugins/fr.ac6.mcu.externaltools.arm-none.linux64_1.17.0.201812190825/tools/compiler/bin/../lib/gcc/arm-none-eabi/7.3.1/../../../../arm-none-eabi/lib/thumb/v7e-m/fpv5/hard/libm.a(lib_a-k_rem_pio2.o)
                0x0000000008010b80                __kernel_rem_pio2
 *fill*         0x0000000008011214        0x4 
 .text.__kernel_sin
                0x0000000008011218       0xb0 /home/zhonx/.opt/AC6/plugins/fr.ac6.mcu.externaltools.arm-none.linux64_1.17.0.201812190825/tools/compiler/bin/../lib/gcc/arm-none-eabi/7.3.1/../../../../arm-none-eabi/lib/thumb/v7e-m/fpv5/hard/libm.a(lib_a-k_sin.o)
                0x0000000008011218                __kernel_sin
 .text.fabs     0x00000000080112c8       0x14 /home/zhonx/.opt/AC6/plugins/fr.ac6.mcu.externaltools.arm-none.linux64_1.17.0.201812190825/tools/compiler/bin/../lib/gcc/arm-none-eabi/7.3.1/../../../../arm-none-eabi/lib/thumb/v7e-m/fpv5/hard/libm.a(lib_a-s_fabs.o)
                0x00000000080112c8                fabs
 .text.finite   0x00000000080112dc       0x10 /home/zhonx/.opt/AC6/plugins/fr.ac6.mcu.externaltools.arm-none.linux64_1.17.0.201812190825/tools/compiler/bin/../lib/gcc/arm-none-eabi/7.3.1/../../../../arm-none-eabi/lib/thumb/v7e-m/fpv5/hard/libm.a(lib_a-s_finite.o)
                0x00000000080112dc                finite
 *fill*         0x00000000080112ec        0x4 
 .text.floor    0x00000000080112f0      0x110 /home/zhonx/.opt/AC6/plugins/fr.ac6.mcu.externaltools.arm-none.linux64_1.17.0.201812190825/tools/compiler/bin/../lib/gcc/arm-none-eabi/7.3.1/../../../../arm-none-eabi/lib/thumb/v7e-m/fpv5/hard/libm.a(lib_a-s_floor.o)
                0x00000000080112f0                floor
 .text.matherr  0x0000000008011400        0x4 /home/zhonx/.opt/AC6/plugins/fr.ac6.mcu.externaltools.arm-none.linux64_1.17.0.201812190825/tools/compiler/bin/../lib/gcc/arm-none-eabi/7.3.1/../../../../arm-none-eabi/lib/thumb/v7e-m/fpv5/hard/libm.a(lib_a-s_matherr.o)
                0x0000000008011400                matherr
 *fill*         0x0000000008011404        0x4 
 .text.nan      0x0000000008011408       0x10 /home/zhonx/.opt/AC6/plugins/fr.ac6.mcu.externaltools.arm-none.linux64_1.17.0.201812190825/tools/compiler/bin/../lib/gcc/arm-none-eabi/7.3.1/../../../../arm-none-eabi/lib/thumb/v7e-m/fpv5/hard/libm.a(lib_a-s_nan.o)
                0x0000000008011408                nan
 .text.rint     0x0000000008011418      0x120 /home/zhonx/.opt/AC6/plugins/fr.ac6.mcu.externaltools.arm-none.linux64_1.17.0.201812190825/tools/compiler/bin/../lib/gcc/arm-none-eabi/7.3.1/../../../../arm-none-eabi/lib/thumb/v7e-m/fpv5/hard/libm.a(lib_a-s_rint.o)
                0x0000000008011418                rint
 .text.scalbn   0x0000000008011538      0x124 /home/zhonx/.opt/AC6/plugins/fr.ac6.mcu.externaltools.arm-none.linux64_1.17.0.201812190825/tools/compiler/bin/../lib/gcc/arm-none-eabi/7.3.1/../../../../arm-none-eabi/lib/thumb/v7e-m/fpv5/hard/libm.a(lib_a-s_scalbn.o)
                0x0000000008011538                scalbn
 .text.copysign
                0x000000000801165c       0x1c /home/zhonx/.opt/AC6/plugins/fr.ac6.mcu.externaltools.arm-none.linux64_1.17.0.201812190825/tools/compiler/bin/../lib/gcc/arm-none-eabi/7.3.1/../../../../arm-none-eabi/lib/thumb/v7e-m/fpv5/hard/libm.a(lib_a-s_copysign.o)
                0x000000000801165c                copysign
 .text.__errno  0x0000000008011678        0xc /home/zhonx/.opt/AC6/plugins/fr.ac6.mcu.externaltools.arm-none.linux64_1.17.0.201812190825/tools/compiler/bin/../lib/gcc/arm-none-eabi/7.3.1/../../../../arm-none-eabi/lib/thumb/v7e-m/fpv5/hard/libc_nano.a(lib_a-errno.o)
                0x0000000008011678                __errno
 .text.__libc_init_array
                0x0000000008011684       0x48 /home/zhonx/.opt/AC6/plugins/fr.ac6.mcu.externaltools.arm-none.linux64_1.17.0.201812190825/tools/compiler/bin/../lib/gcc/arm-none-eabi/7.3.1/../../../../arm-none-eabi/lib/thumb/v7e-m/fpv5/hard/libc_nano.a(lib_a-init.o)
                0x0000000008011684                __libc_init_array
 .text.malloc   0x00000000080116cc       0x10 /home/zhonx/.opt/AC6/plugins/fr.ac6.mcu.externaltools.arm-none.linux64_1.17.0.201812190825/tools/compiler/bin/../lib/gcc/arm-none-eabi/7.3.1/../../../../arm-none-eabi/lib/thumb/v7e-m/fpv5/hard/libc_nano.a(lib_a-malloc.o)
                0x00000000080116cc                malloc
 .text.memset   0x00000000080116dc       0x10 /home/zhonx/.opt/AC6/plugins/fr.ac6.mcu.externaltools.arm-none.linux64_1.17.0.201812190825/tools/compiler/bin/../lib/gcc/arm-none-eabi/7.3.1/../../../../arm-none-eabi/lib/thumb/v7e-m/fpv5/hard/libc_nano.a(lib_a-memset.o)
                0x00000000080116dc                memset
 .text._free_r  0x00000000080116ec       0x9c /home/zhonx/.opt/AC6/plugins/fr.ac6.mcu.externaltools.arm-none.linux64_1.17.0.201812190825/tools/compiler/bin/../lib/gcc/arm-none-eabi/7.3.1/../../../../arm-none-eabi/lib/thumb/v7e-m/fpv5/hard/libc_nano.a(lib_a-nano-freer.o)
                0x00000000080116ec                _free_r
 .text._malloc_r
                0x0000000008011788       0xb4 /home/zhonx/.opt/AC6/plugins/fr.ac6.mcu.externaltools.arm-none.linux64_1.17.0.201812190825/tools/compiler/bin/../lib/gcc/arm-none-eabi/7.3.1/../../../../arm-none-eabi/lib/thumb/v7e-m/fpv5/hard/libc_nano.a(lib_a-nano-mallocr.o)
                0x0000000008011788                _malloc_r
 .text.__cvt    0x000000000801183c       0xa4 /home/zhonx/.opt/AC6/plugins/fr.ac6.mcu.externaltools.arm-none.linux64_1.17.0.201812190825/tools/compiler/bin/../lib/gcc/arm-none-eabi/7.3.1/../../../../arm-none-eabi/lib/thumb/v7e-m/fpv5/hard/libc_nano.a(lib_a-nano-vfprintf_float.o)
                0x000000000801183c                __cvt
 .text.__exponent
                0x00000000080118e0       0x66 /home/zhonx/.opt/AC6/plugins/fr.ac6.mcu.externaltools.arm-none.linux64_1.17.0.201812190825/tools/compiler/bin/../lib/gcc/arm-none-eabi/7.3.1/../../../../arm-none-eabi/lib/thumb/v7e-m/fpv5/hard/libc_nano.a(lib_a-nano-vfprintf_float.o)
                0x00000000080118e0                __exponent
 *fill*         0x0000000008011946        0x2 
 .text._printf_float
                0x0000000008011948      0x458 /home/zhonx/.opt/AC6/plugins/fr.ac6.mcu.externaltools.arm-none.linux64_1.17.0.201812190825/tools/compiler/bin/../lib/gcc/arm-none-eabi/7.3.1/../../../../arm-none-eabi/lib/thumb/v7e-m/fpv5/hard/libc_nano.a(lib_a-nano-vfprintf_float.o)
                0x0000000008011948                _printf_float
 .text._printf_common
                0x0000000008011da0       0xea /home/zhonx/.opt/AC6/plugins/fr.ac6.mcu.externaltools.arm-none.linux64_1.17.0.201812190825/tools/compiler/bin/../lib/gcc/arm-none-eabi/7.3.1/../../../../arm-none-eabi/lib/thumb/v7e-m/fpv5/hard/libc_nano.a(lib_a-nano-vfprintf_i.o)
                0x0000000008011da0                _printf_common
 *fill*         0x0000000008011e8a        0x2 
 .text._printf_i
                0x0000000008011e8c      0x224 /home/zhonx/.opt/AC6/plugins/fr.ac6.mcu.externaltools.arm-none.linux64_1.17.0.201812190825/tools/compiler/bin/../lib/gcc/arm-none-eabi/7.3.1/../../../../arm-none-eabi/lib/thumb/v7e-m/fpv5/hard/libc_nano.a(lib_a-nano-vfprintf_i.o)
                0x0000000008011e8c                _printf_i
 .text.printf   0x00000000080120b0       0x30 /home/zhonx/.opt/AC6/plugins/fr.ac6.mcu.externaltools.arm-none.linux64_1.17.0.201812190825/tools/compiler/bin/../lib/gcc/arm-none-eabi/7.3.1/../../../../arm-none-eabi/lib/thumb/v7e-m/fpv5/hard/libc_nano.a(lib_a-printf.o)
                0x00000000080120b0                printf
                0x00000000080120b0                iprintf
 .text._puts_r  0x00000000080120e0       0xb8 /home/zhonx/.opt/AC6/plugins/fr.ac6.mcu.externaltools.arm-none.linux64_1.17.0.201812190825/tools/compiler/bin/../lib/gcc/arm-none-eabi/7.3.1/../../../../arm-none-eabi/lib/thumb/v7e-m/fpv5/hard/libc_nano.a(lib_a-puts.o)
                0x00000000080120e0                _puts_r
 .text.puts     0x0000000008012198       0x10 /home/zhonx/.opt/AC6/plugins/fr.ac6.mcu.externaltools.arm-none.linux64_1.17.0.201812190825/tools/compiler/bin/../lib/gcc/arm-none-eabi/7.3.1/../../../../arm-none-eabi/lib/thumb/v7e-m/fpv5/hard/libc_nano.a(lib_a-puts.o)
                0x0000000008012198                puts
 .text._sbrk_r  0x00000000080121a8       0x20 /home/zhonx/.opt/AC6/plugins/fr.ac6.mcu.externaltools.arm-none.linux64_1.17.0.201812190825/tools/compiler/bin/../lib/gcc/arm-none-eabi/7.3.1/../../../../arm-none-eabi/lib/thumb/v7e-m/fpv5/hard/libc_nano.a(lib_a-sbrkr.o)
                0x00000000080121a8                _sbrk_r
 .text.__swbuf_r
                0x00000000080121c8       0xa4 /home/zhonx/.opt/AC6/plugins/fr.ac6.mcu.externaltools.arm-none.linux64_1.17.0.201812190825/tools/compiler/bin/../lib/gcc/arm-none-eabi/7.3.1/../../../../arm-none-eabi/lib/thumb/v7e-m/fpv5/hard/libc_nano.a(lib_a-wbuf.o)
                0x00000000080121c8                __swbuf_r
 .text.__swsetup_r
                0x000000000801226c       0xdc /home/zhonx/.opt/AC6/plugins/fr.ac6.mcu.externaltools.arm-none.linux64_1.17.0.201812190825/tools/compiler/bin/../lib/gcc/arm-none-eabi/7.3.1/../../../../arm-none-eabi/lib/thumb/v7e-m/fpv5/hard/libc_nano.a(lib_a-wsetup.o)
                0x000000000801226c                __swsetup_r
 .text.quorem   0x0000000008012348      0x118 /home/zhonx/.opt/AC6/plugins/fr.ac6.mcu.externaltools.arm-none.linux64_1.17.0.201812190825/tools/compiler/bin/../lib/gcc/arm-none-eabi/7.3.1/../../../../arm-none-eabi/lib/thumb/v7e-m/fpv5/hard/libc_nano.a(lib_a-dtoa.o)
 .text._dtoa_r  0x0000000008012460      0xa98 /home/zhonx/.opt/AC6/plugins/fr.ac6.mcu.externaltools.arm-none.linux64_1.17.0.201812190825/tools/compiler/bin/../lib/gcc/arm-none-eabi/7.3.1/../../../../arm-none-eabi/lib/thumb/v7e-m/fpv5/hard/libc_nano.a(lib_a-dtoa.o)
                0x0000000008012460                _dtoa_r
 .text.__sflush_r
                0x0000000008012ef8      0x10c /home/zhonx/.opt/AC6/plugins/fr.ac6.mcu.externaltools.arm-none.linux64_1.17.0.201812190825/tools/compiler/bin/../lib/gcc/arm-none-eabi/7.3.1/../../../../arm-none-eabi/lib/thumb/v7e-m/fpv5/hard/libc_nano.a(lib_a-fflush.o)
                0x0000000008012ef8                __sflush_r
 .text._fflush_r
                0x0000000008013004       0x54 /home/zhonx/.opt/AC6/plugins/fr.ac6.mcu.externaltools.arm-none.linux64_1.17.0.201812190825/tools/compiler/bin/../lib/gcc/arm-none-eabi/7.3.1/../../../../arm-none-eabi/lib/thumb/v7e-m/fpv5/hard/libc_nano.a(lib_a-fflush.o)
                0x0000000008013004                _fflush_r
 .text.std      0x0000000008013058       0x48 /home/zhonx/.opt/AC6/plugins/fr.ac6.mcu.externaltools.arm-none.linux64_1.17.0.201812190825/tools/compiler/bin/../lib/gcc/arm-none-eabi/7.3.1/../../../../arm-none-eabi/lib/thumb/v7e-m/fpv5/hard/libc_nano.a(lib_a-findfp.o)
 .text._cleanup_r
                0x00000000080130a0        0xc /home/zhonx/.opt/AC6/plugins/fr.ac6.mcu.externaltools.arm-none.linux64_1.17.0.201812190825/tools/compiler/bin/../lib/gcc/arm-none-eabi/7.3.1/../../../../arm-none-eabi/lib/thumb/v7e-m/fpv5/hard/libc_nano.a(lib_a-findfp.o)
                0x00000000080130a0                _cleanup_r
 .text.__sfmoreglue
                0x00000000080130ac       0x2c /home/zhonx/.opt/AC6/plugins/fr.ac6.mcu.externaltools.arm-none.linux64_1.17.0.201812190825/tools/compiler/bin/../lib/gcc/arm-none-eabi/7.3.1/../../../../arm-none-eabi/lib/thumb/v7e-m/fpv5/hard/libc_nano.a(lib_a-findfp.o)
                0x00000000080130ac                __sfmoreglue
 .text.__sinit  0x00000000080130d8       0x60 /home/zhonx/.opt/AC6/plugins/fr.ac6.mcu.externaltools.arm-none.linux64_1.17.0.201812190825/tools/compiler/bin/../lib/gcc/arm-none-eabi/7.3.1/../../../../arm-none-eabi/lib/thumb/v7e-m/fpv5/hard/libc_nano.a(lib_a-findfp.o)
                0x00000000080130d8                __sinit
 .text.__sfp    0x0000000008013138       0x78 /home/zhonx/.opt/AC6/plugins/fr.ac6.mcu.externaltools.arm-none.linux64_1.17.0.201812190825/tools/compiler/bin/../lib/gcc/arm-none-eabi/7.3.1/../../../../arm-none-eabi/lib/thumb/v7e-m/fpv5/hard/libc_nano.a(lib_a-findfp.o)
                0x0000000008013138                __sfp
 .text._fwalk_reent
                0x00000000080131b0       0x3c /home/zhonx/.opt/AC6/plugins/fr.ac6.mcu.externaltools.arm-none.linux64_1.17.0.201812190825/tools/compiler/bin/../lib/gcc/arm-none-eabi/7.3.1/../../../../arm-none-eabi/lib/thumb/v7e-m/fpv5/hard/libc_nano.a(lib_a-fwalk.o)
                0x00000000080131b0                _fwalk_reent
 .text._localeconv_r
                0x00000000080131ec       0x1c /home/zhonx/.opt/AC6/plugins/fr.ac6.mcu.externaltools.arm-none.linux64_1.17.0.201812190825/tools/compiler/bin/../lib/gcc/arm-none-eabi/7.3.1/../../../../arm-none-eabi/lib/thumb/v7e-m/fpv5/hard/libc_nano.a(lib_a-localeconv.o)
                0x00000000080131ec                _localeconv_r
 .text.__swhatbuf_r
                0x0000000008013208       0x48 /home/zhonx/.opt/AC6/plugins/fr.ac6.mcu.externaltools.arm-none.linux64_1.17.0.201812190825/tools/compiler/bin/../lib/gcc/arm-none-eabi/7.3.1/../../../../arm-none-eabi/lib/thumb/v7e-m/fpv5/hard/libc_nano.a(lib_a-makebuf.o)
                0x0000000008013208                __swhatbuf_r
 .text.__smakebuf_r
                0x0000000008013250       0x80 /home/zhonx/.opt/AC6/plugins/fr.ac6.mcu.externaltools.arm-none.linux64_1.17.0.201812190825/tools/compiler/bin/../lib/gcc/arm-none-eabi/7.3.1/../../../../arm-none-eabi/lib/thumb/v7e-m/fpv5/hard/libc_nano.a(lib_a-makebuf.o)
                0x0000000008013250                __smakebuf_r
 .text.memcpy   0x00000000080132d0       0x16 /home/zhonx/.opt/AC6/plugins/fr.ac6.mcu.externaltools.arm-none.linux64_1.17.0.201812190825/tools/compiler/bin/../lib/gcc/arm-none-eabi/7.3.1/../../../../arm-none-eabi/lib/thumb/v7e-m/fpv5/hard/libc_nano.a(lib_a-memcpy-stub.o)
                0x00000000080132d0                memcpy
 .text.__malloc_lock
                0x00000000080132e6        0x2 /home/zhonx/.opt/AC6/plugins/fr.ac6.mcu.externaltools.arm-none.linux64_1.17.0.201812190825/tools/compiler/bin/../lib/gcc/arm-none-eabi/7.3.1/../../../../arm-none-eabi/lib/thumb/v7e-m/fpv5/hard/libc_nano.a(lib_a-mlock.o)
                0x00000000080132e6                __malloc_lock
 .text.__malloc_unlock
                0x00000000080132e8        0x2 /home/zhonx/.opt/AC6/plugins/fr.ac6.mcu.externaltools.arm-none.linux64_1.17.0.201812190825/tools/compiler/bin/../lib/gcc/arm-none-eabi/7.3.1/../../../../arm-none-eabi/lib/thumb/v7e-m/fpv5/hard/libc_nano.a(lib_a-mlock.o)
                0x00000000080132e8                __malloc_unlock
 .text._Balloc  0x00000000080132ea       0x68 /home/zhonx/.opt/AC6/plugins/fr.ac6.mcu.externaltools.arm-none.linux64_1.17.0.201812190825/tools/compiler/bin/../lib/gcc/arm-none-eabi/7.3.1/../../../../arm-none-eabi/lib/thumb/v7e-m/fpv5/hard/libc_nano.a(lib_a-mprec.o)
                0x00000000080132ea                _Balloc
 .text._Bfree   0x0000000008013352       0x2e /home/zhonx/.opt/AC6/plugins/fr.ac6.mcu.externaltools.arm-none.linux64_1.17.0.201812190825/tools/compiler/bin/../lib/gcc/arm-none-eabi/7.3.1/../../../../arm-none-eabi/lib/thumb/v7e-m/fpv5/hard/libc_nano.a(lib_a-mprec.o)
                0x0000000008013352                _Bfree
 .text.__multadd
                0x0000000008013380       0x76 /home/zhonx/.opt/AC6/plugins/fr.ac6.mcu.externaltools.arm-none.linux64_1.17.0.201812190825/tools/compiler/bin/../lib/gcc/arm-none-eabi/7.3.1/../../../../arm-none-eabi/lib/thumb/v7e-m/fpv5/hard/libc_nano.a(lib_a-mprec.o)
                0x0000000008013380                __multadd
 .text.__hi0bits
                0x00000000080133f6       0x3e /home/zhonx/.opt/AC6/plugins/fr.ac6.mcu.externaltools.arm-none.linux64_1.17.0.201812190825/tools/compiler/bin/../lib/gcc/arm-none-eabi/7.3.1/../../../../arm-none-eabi/lib/thumb/v7e-m/fpv5/hard/libc_nano.a(lib_a-mprec.o)
                0x00000000080133f6                __hi0bits
 .text.__lo0bits
                0x0000000008013434       0x5e /home/zhonx/.opt/AC6/plugins/fr.ac6.mcu.externaltools.arm-none.linux64_1.17.0.201812190825/tools/compiler/bin/../lib/gcc/arm-none-eabi/7.3.1/../../../../arm-none-eabi/lib/thumb/v7e-m/fpv5/hard/libc_nano.a(lib_a-mprec.o)
                0x0000000008013434                __lo0bits
 .text.__i2b    0x0000000008013492       0x12 /home/zhonx/.opt/AC6/plugins/fr.ac6.mcu.externaltools.arm-none.linux64_1.17.0.201812190825/tools/compiler/bin/../lib/gcc/arm-none-eabi/7.3.1/../../../../arm-none-eabi/lib/thumb/v7e-m/fpv5/hard/libc_nano.a(lib_a-mprec.o)
                0x0000000008013492                __i2b
 .text.__multiply
                0x00000000080134a4      0x12c /home/zhonx/.opt/AC6/plugins/fr.ac6.mcu.externaltools.arm-none.linux64_1.17.0.201812190825/tools/compiler/bin/../lib/gcc/arm-none-eabi/7.3.1/../../../../arm-none-eabi/lib/thumb/v7e-m/fpv5/hard/libc_nano.a(lib_a-mprec.o)
                0x00000000080134a4                __multiply
 .text.__pow5mult
                0x00000000080135d0       0x9c /home/zhonx/.opt/AC6/plugins/fr.ac6.mcu.externaltools.arm-none.linux64_1.17.0.201812190825/tools/compiler/bin/../lib/gcc/arm-none-eabi/7.3.1/../../../../arm-none-eabi/lib/thumb/v7e-m/fpv5/hard/libc_nano.a(lib_a-mprec.o)
                0x00000000080135d0                __pow5mult
 .text.__lshift
                0x000000000801366c       0xa8 /home/zhonx/.opt/AC6/plugins/fr.ac6.mcu.externaltools.arm-none.linux64_1.17.0.201812190825/tools/compiler/bin/../lib/gcc/arm-none-eabi/7.3.1/../../../../arm-none-eabi/lib/thumb/v7e-m/fpv5/hard/libc_nano.a(lib_a-mprec.o)
                0x000000000801366c                __lshift
 .text.__mcmp   0x0000000008013714       0x34 /home/zhonx/.opt/AC6/plugins/fr.ac6.mcu.externaltools.arm-none.linux64_1.17.0.201812190825/tools/compiler/bin/../lib/gcc/arm-none-eabi/7.3.1/../../../../arm-none-eabi/lib/thumb/v7e-m/fpv5/hard/libc_nano.a(lib_a-mprec.o)
                0x0000000008013714                __mcmp
 .text.__mdiff  0x0000000008013748       0xba /home/zhonx/.opt/AC6/plugins/fr.ac6.mcu.externaltools.arm-none.linux64_1.17.0.201812190825/tools/compiler/bin/../lib/gcc/arm-none-eabi/7.3.1/../../../../arm-none-eabi/lib/thumb/v7e-m/fpv5/hard/libc_nano.a(lib_a-mprec.o)
                0x0000000008013748                __mdiff
 .text.__d2b    0x0000000008013802       0x9e /home/zhonx/.opt/AC6/plugins/fr.ac6.mcu.externaltools.arm-none.linux64_1.17.0.201812190825/tools/compiler/bin/../lib/gcc/arm-none-eabi/7.3.1/../../../../arm-none-eabi/lib/thumb/v7e-m/fpv5/hard/libc_nano.a(lib_a-mprec.o)
                0x0000000008013802                __d2b
 .text._calloc_r
                0x00000000080138a0       0x1c /home/zhonx/.opt/AC6/plugins/fr.ac6.mcu.externaltools.arm-none.linux64_1.17.0.201812190825/tools/compiler/bin/../lib/gcc/arm-none-eabi/7.3.1/../../../../arm-none-eabi/lib/thumb/v7e-m/fpv5/hard/libc_nano.a(lib_a-nano-callocr.o)
                0x00000000080138a0                _calloc_r
 .text.__sfputc_r
                0x00000000080138bc       0x2e /home/zhonx/.opt/AC6/plugins/fr.ac6.mcu.externaltools.arm-none.linux64_1.17.0.201812190825/tools/compiler/bin/../lib/gcc/arm-none-eabi/7.3.1/../../../../arm-none-eabi/lib/thumb/v7e-m/fpv5/hard/libc_nano.a(lib_a-nano-vfprintf.o)
 .text.__sfputs_r
                0x00000000080138ea       0x24 /home/zhonx/.opt/AC6/plugins/fr.ac6.mcu.externaltools.arm-none.linux64_1.17.0.201812190825/tools/compiler/bin/../lib/gcc/arm-none-eabi/7.3.1/../../../../arm-none-eabi/lib/thumb/v7e-m/fpv5/hard/libc_nano.a(lib_a-nano-vfprintf.o)
                0x00000000080138ea                __sfputs_r
 *fill*         0x000000000801390e        0x2 
 .text._vfprintf_r
                0x0000000008013910      0x22c /home/zhonx/.opt/AC6/plugins/fr.ac6.mcu.externaltools.arm-none.linux64_1.17.0.201812190825/tools/compiler/bin/../lib/gcc/arm-none-eabi/7.3.1/../../../../arm-none-eabi/lib/thumb/v7e-m/fpv5/hard/libc_nano.a(lib_a-nano-vfprintf.o)
                0x0000000008013910                _vfiprintf_r
                0x0000000008013910                _vfprintf_r
 .text.__sread  0x0000000008013b3c       0x22 /home/zhonx/.opt/AC6/plugins/fr.ac6.mcu.externaltools.arm-none.linux64_1.17.0.201812190825/tools/compiler/bin/../lib/gcc/arm-none-eabi/7.3.1/../../../../arm-none-eabi/lib/thumb/v7e-m/fpv5/hard/libc_nano.a(lib_a-stdio.o)
                0x0000000008013b3c                __sread
 .text.__swrite
                0x0000000008013b5e       0x38 /home/zhonx/.opt/AC6/plugins/fr.ac6.mcu.externaltools.arm-none.linux64_1.17.0.201812190825/tools/compiler/bin/../lib/gcc/arm-none-eabi/7.3.1/../../../../arm-none-eabi/lib/thumb/v7e-m/fpv5/hard/libc_nano.a(lib_a-stdio.o)
                0x0000000008013b5e                __swrite
 .text.__sseek  0x0000000008013b96       0x24 /home/zhonx/.opt/AC6/plugins/fr.ac6.mcu.externaltools.arm-none.linux64_1.17.0.201812190825/tools/compiler/bin/../lib/gcc/arm-none-eabi/7.3.1/../../../../arm-none-eabi/lib/thumb/v7e-m/fpv5/hard/libc_nano.a(lib_a-stdio.o)
                0x0000000008013b96                __sseek
 .text.__sclose
                0x0000000008013bba        0x8 /home/zhonx/.opt/AC6/plugins/fr.ac6.mcu.externaltools.arm-none.linux64_1.17.0.201812190825/tools/compiler/bin/../lib/gcc/arm-none-eabi/7.3.1/../../../../arm-none-eabi/lib/thumb/v7e-m/fpv5/hard/libc_nano.a(lib_a-stdio.o)
                0x0000000008013bba                __sclose
 *fill*         0x0000000008013bc2        0x2 
 .text._write_r
                0x0000000008013bc4       0x24 /home/zhonx/.opt/AC6/plugins/fr.ac6.mcu.externaltools.arm-none.linux64_1.17.0.201812190825/tools/compiler/bin/../lib/gcc/arm-none-eabi/7.3.1/../../../../arm-none-eabi/lib/thumb/v7e-m/fpv5/hard/libc_nano.a(lib_a-writer.o)
                0x0000000008013bc4                _write_r
 .text._close_r
                0x0000000008013be8       0x20 /home/zhonx/.opt/AC6/plugins/fr.ac6.mcu.externaltools.arm-none.linux64_1.17.0.201812190825/tools/compiler/bin/../lib/gcc/arm-none-eabi/7.3.1/../../../../arm-none-eabi/lib/thumb/v7e-m/fpv5/hard/libc_nano.a(lib_a-closer.o)
                0x0000000008013be8                _close_r
 .text._fstat_r
                0x0000000008013c08       0x24 /home/zhonx/.opt/AC6/plugins/fr.ac6.mcu.externaltools.arm-none.linux64_1.17.0.201812190825/tools/compiler/bin/../lib/gcc/arm-none-eabi/7.3.1/../../../../arm-none-eabi/lib/thumb/v7e-m/fpv5/hard/libc_nano.a(lib_a-fstatr.o)
                0x0000000008013c08                _fstat_r
 .text._isatty_r
                0x0000000008013c2c       0x20 /home/zhonx/.opt/AC6/plugins/fr.ac6.mcu.externaltools.arm-none.linux64_1.17.0.201812190825/tools/compiler/bin/../lib/gcc/arm-none-eabi/7.3.1/../../../../arm-none-eabi/lib/thumb/v7e-m/fpv5/hard/libc_nano.a(lib_a-isattyr.o)
                0x0000000008013c2c                _isatty_r
 .text._lseek_r
                0x0000000008013c4c       0x24 /home/zhonx/.opt/AC6/plugins/fr.ac6.mcu.externaltools.arm-none.linux64_1.17.0.201812190825/tools/compiler/bin/../lib/gcc/arm-none-eabi/7.3.1/../../../../arm-none-eabi/lib/thumb/v7e-m/fpv5/hard/libc_nano.a(lib_a-lseekr.o)
                0x0000000008013c4c                _lseek_r
 .text.__ascii_mbtowc
                0x0000000008013c70       0x24 /home/zhonx/.opt/AC6/plugins/fr.ac6.mcu.externaltools.arm-none.linux64_1.17.0.201812190825/tools/compiler/bin/../lib/gcc/arm-none-eabi/7.3.1/../../../../arm-none-eabi/lib/thumb/v7e-m/fpv5/hard/libc_nano.a(lib_a-mbtowc_r.o)
                0x0000000008013c70                __ascii_mbtowc
 .text._read_r  0x0000000008013c94       0x24 /home/zhonx/.opt/AC6/plugins/fr.ac6.mcu.externaltools.arm-none.linux64_1.17.0.201812190825/tools/compiler/bin/../lib/gcc/arm-none-eabi/7.3.1/../../../../arm-none-eabi/lib/thumb/v7e-m/fpv5/hard/libc_nano.a(lib_a-readr.o)
                0x0000000008013c94                _read_r
 .text.__ascii_wctomb
                0x0000000008013cb8       0x1a /home/zhonx/.opt/AC6/plugins/fr.ac6.mcu.externaltools.arm-none.linux64_1.17.0.201812190825/tools/compiler/bin/../lib/gcc/arm-none-eabi/7.3.1/../../../../arm-none-eabi/lib/thumb/v7e-m/fpv5/hard/libc_nano.a(lib_a-wctomb_r.o)
                0x0000000008013cb8                __ascii_wctomb
 *(.glue_7)
 .glue_7        0x0000000008013cd2        0x0 linker stubs
 *(.glue_7t)
 .glue_7t       0x0000000008013cd2        0x0 linker stubs
 *(.eh_frame)
 *fill*         0x0000000008013cd2        0x2 
 .eh_frame      0x0000000008013cd4        0x0 /home/zhonx/.opt/AC6/plugins/fr.ac6.mcu.externaltools.arm-none.linux64_1.17.0.201812190825/tools/compiler/bin/../lib/gcc/arm-none-eabi/7.3.1/thumb/v7e-m/fpv5/hard/crtbegin.o
 *(.init)
 .init          0x0000000008013cd4        0x4 /home/zhonx/.opt/AC6/plugins/fr.ac6.mcu.externaltools.arm-none.linux64_1.17.0.201812190825/tools/compiler/bin/../lib/gcc/arm-none-eabi/7.3.1/thumb/v7e-m/fpv5/hard/crti.o
                0x0000000008013cd4                _init
 .init          0x0000000008013cd8        0x8 /home/zhonx/.opt/AC6/plugins/fr.ac6.mcu.externaltools.arm-none.linux64_1.17.0.201812190825/tools/compiler/bin/../lib/gcc/arm-none-eabi/7.3.1/thumb/v7e-m/fpv5/hard/crtn.o
 *(.fini)
 .fini          0x0000000008013ce0        0x4 /home/zhonx/.opt/AC6/plugins/fr.ac6.mcu.externaltools.arm-none.linux64_1.17.0.201812190825/tools/compiler/bin/../lib/gcc/arm-none-eabi/7.3.1/thumb/v7e-m/fpv5/hard/crti.o
                0x0000000008013ce0                _fini
 .fini          0x0000000008013ce4        0x8 /home/zhonx/.opt/AC6/plugins/fr.ac6.mcu.externaltools.arm-none.linux64_1.17.0.201812190825/tools/compiler/bin/../lib/gcc/arm-none-eabi/7.3.1/thumb/v7e-m/fpv5/hard/crtn.o
                0x0000000008013cec                . = ALIGN (0x4)
                0x0000000008013cec                _etext = .

.vfp11_veneer   0x0000000008013cec        0x0
 .vfp11_veneer  0x0000000008013cec        0x0 linker stubs

.v4_bx          0x0000000008013cec        0x0
 .v4_bx         0x0000000008013cec        0x0 linker stubs

.iplt           0x0000000008013cec        0x0
 .iplt          0x0000000008013cec        0x0 /home/zhonx/.opt/AC6/plugins/fr.ac6.mcu.externaltools.arm-none.linux64_1.17.0.201812190825/tools/compiler/bin/../lib/gcc/arm-none-eabi/7.3.1/thumb/v7e-m/fpv5/hard/crtbegin.o

.rodata         0x0000000008013cf0      0x910
                0x0000000008013cf0                . = ALIGN (0x4)
 *(.rodata)
 .rodata        0x0000000008013cf0       0x51 Core/Src/main.o
 *fill*         0x0000000008013d41        0x3 
 .rodata        0x0000000008013d44       0x38 Drivers/STM32H7xx_HAL_Driver/Src/stm32h7xx_hal_adc.o
 .rodata        0x0000000008013d7c       0x3b Drivers/STM32H7xx_HAL_Driver/Src/stm32h7xx_hal_adc_ex.o
 *fill*         0x0000000008013db7        0x1 
 .rodata        0x0000000008013db8       0x3b Drivers/STM32H7xx_HAL_Driver/Src/stm32h7xx_hal_cortex.o
 *fill*         0x0000000008013df3        0x1 
 .rodata        0x0000000008013df4       0x38 Drivers/STM32H7xx_HAL_Driver/Src/stm32h7xx_hal_dac.o
 .rodata        0x0000000008013e2c       0x38 Drivers/STM32H7xx_HAL_Driver/Src/stm32h7xx_hal_dma.o
 .rodata        0x0000000008013e64       0x39 Drivers/STM32H7xx_HAL_Driver/Src/stm32h7xx_hal_gpio.o
 *fill*         0x0000000008013e9d        0x3 
 .rodata        0x0000000008013ea0       0x3a Drivers/STM32H7xx_HAL_Driver/Src/stm32h7xx_hal_hrtim.o
 *fill*         0x0000000008013eda        0x2 
 .rodata        0x0000000008013edc       0x3b Drivers/STM32H7xx_HAL_Driver/Src/stm32h7xx_hal_pwr_ex.o
 *fill*         0x0000000008013f17        0x1 
 .rodata        0x0000000008013f18       0x38 Drivers/STM32H7xx_HAL_Driver/Src/stm32h7xx_hal_rcc.o
 .rodata        0x0000000008013f50       0x3b Drivers/STM32H7xx_HAL_Driver/Src/stm32h7xx_hal_rcc_ex.o
 *fill*         0x0000000008013f8b        0x1 
 .rodata        0x0000000008013f8c       0x38 Drivers/STM32H7xx_HAL_Driver/Src/stm32h7xx_hal_tim.o
 .rodata        0x0000000008013fc4       0x3b Drivers/STM32H7xx_HAL_Driver/Src/stm32h7xx_hal_tim_ex.o
 *fill*         0x0000000008013fff        0x1 
 .rodata        0x0000000008014000       0x39 Drivers/STM32H7xx_HAL_Driver/Src/stm32h7xx_hal_uart.o
 *fill*         0x0000000008014039        0x3 
 .rodata        0x000000000801403c       0x4c Drivers/STM32H7xx_HAL_Driver/Src/stm32h7xx_hal_uart_ex.o
 .rodata        0x0000000008014088       0x48 Peripheral/Src/cis.o
 .rodata        0x00000000080140d0       0x3a Peripheral/Src/synth.o
 *fill*         0x000000000801410a        0x2 
 .rodata        0x000000000801410c       0x26 Peripheral/Src/wave_generation.o
 *(.rodata*)
 *fill*         0x0000000008014132        0x2 
 .rodata.D1CorePrescTable
                0x0000000008014134       0x10 Core/Src/system_stm32h7xx.o
                0x0000000008014134                D1CorePrescTable
 .rodata.flagBitshiftOffset.12137
                0x0000000008014144        0x8 Drivers/STM32H7xx_HAL_Driver/Src/stm32h7xx_hal_dma.o
 .rodata.pow.str1.4
                0x000000000801414c        0x4 /home/zhonx/.opt/AC6/plugins/fr.ac6.mcu.externaltools.arm-none.linux64_1.17.0.201812190825/tools/compiler/bin/../lib/gcc/arm-none-eabi/7.3.1/../../../../arm-none-eabi/lib/thumb/v7e-m/fpv5/hard/libm.a(lib_a-w_pow.o)
 .rodata.__ieee754_pow.str1.4
                0x0000000008014150        0x4 /home/zhonx/.opt/AC6/plugins/fr.ac6.mcu.externaltools.arm-none.linux64_1.17.0.201812190825/tools/compiler/bin/../lib/gcc/arm-none-eabi/7.3.1/../../../../arm-none-eabi/lib/thumb/v7e-m/fpv5/hard/libm.a(lib_a-e_pow.o)
                                          0x1 (size before relaxing)
 .rodata.npio2_hw
                0x0000000008014154       0x80 /home/zhonx/.opt/AC6/plugins/fr.ac6.mcu.externaltools.arm-none.linux64_1.17.0.201812190825/tools/compiler/bin/../lib/gcc/arm-none-eabi/7.3.1/../../../../arm-none-eabi/lib/thumb/v7e-m/fpv5/hard/libm.a(lib_a-e_rem_pio2.o)
 .rodata.two_over_pi
                0x00000000080141d4      0x108 /home/zhonx/.opt/AC6/plugins/fr.ac6.mcu.externaltools.arm-none.linux64_1.17.0.201812190825/tools/compiler/bin/../lib/gcc/arm-none-eabi/7.3.1/../../../../arm-none-eabi/lib/thumb/v7e-m/fpv5/hard/libm.a(lib_a-e_rem_pio2.o)
 *fill*         0x00000000080142dc        0x4 
 .rodata.PIo2   0x00000000080142e0       0x40 /home/zhonx/.opt/AC6/plugins/fr.ac6.mcu.externaltools.arm-none.linux64_1.17.0.201812190825/tools/compiler/bin/../lib/gcc/arm-none-eabi/7.3.1/../../../../arm-none-eabi/lib/thumb/v7e-m/fpv5/hard/libm.a(lib_a-k_rem_pio2.o)
 .rodata.init_jk
                0x0000000008014320       0x10 /home/zhonx/.opt/AC6/plugins/fr.ac6.mcu.externaltools.arm-none.linux64_1.17.0.201812190825/tools/compiler/bin/../lib/gcc/arm-none-eabi/7.3.1/../../../../arm-none-eabi/lib/thumb/v7e-m/fpv5/hard/libm.a(lib_a-k_rem_pio2.o)
 .rodata.TWO52  0x0000000008014330       0x10 /home/zhonx/.opt/AC6/plugins/fr.ac6.mcu.externaltools.arm-none.linux64_1.17.0.201812190825/tools/compiler/bin/../lib/gcc/arm-none-eabi/7.3.1/../../../../arm-none-eabi/lib/thumb/v7e-m/fpv5/hard/libm.a(lib_a-s_rint.o)
 .rodata._global_impure_ptr
                0x0000000008014340        0x4 /home/zhonx/.opt/AC6/plugins/fr.ac6.mcu.externaltools.arm-none.linux64_1.17.0.201812190825/tools/compiler/bin/../lib/gcc/arm-none-eabi/7.3.1/../../../../arm-none-eabi/lib/thumb/v7e-m/fpv5/hard/libc_nano.a(lib_a-impure.o)
                0x0000000008014340                _global_impure_ptr
 .rodata._printf_float.str1.1
                0x0000000008014344       0x12 /home/zhonx/.opt/AC6/plugins/fr.ac6.mcu.externaltools.arm-none.linux64_1.17.0.201812190825/tools/compiler/bin/../lib/gcc/arm-none-eabi/7.3.1/../../../../arm-none-eabi/lib/thumb/v7e-m/fpv5/hard/libc_nano.a(lib_a-nano-vfprintf_float.o)
 .rodata._printf_i.str1.1
                0x0000000008014356       0x22 /home/zhonx/.opt/AC6/plugins/fr.ac6.mcu.externaltools.arm-none.linux64_1.17.0.201812190825/tools/compiler/bin/../lib/gcc/arm-none-eabi/7.3.1/../../../../arm-none-eabi/lib/thumb/v7e-m/fpv5/hard/libc_nano.a(lib_a-nano-vfprintf_i.o)
 .rodata._dtoa_r.str1.1
                0x0000000008014378        0xd /home/zhonx/.opt/AC6/plugins/fr.ac6.mcu.externaltools.arm-none.linux64_1.17.0.201812190825/tools/compiler/bin/../lib/gcc/arm-none-eabi/7.3.1/../../../../arm-none-eabi/lib/thumb/v7e-m/fpv5/hard/libc_nano.a(lib_a-dtoa.o)
                                          0xf (size before relaxing)
 *fill*         0x0000000008014385        0x3 
 .rodata.__sf_fake_stderr
                0x0000000008014388       0x20 /home/zhonx/.opt/AC6/plugins/fr.ac6.mcu.externaltools.arm-none.linux64_1.17.0.201812190825/tools/compiler/bin/../lib/gcc/arm-none-eabi/7.3.1/../../../../arm-none-eabi/lib/thumb/v7e-m/fpv5/hard/libc_nano.a(lib_a-findfp.o)
                0x0000000008014388                __sf_fake_stderr
 .rodata.__sf_fake_stdin
                0x00000000080143a8       0x20 /home/zhonx/.opt/AC6/plugins/fr.ac6.mcu.externaltools.arm-none.linux64_1.17.0.201812190825/tools/compiler/bin/../lib/gcc/arm-none-eabi/7.3.1/../../../../arm-none-eabi/lib/thumb/v7e-m/fpv5/hard/libc_nano.a(lib_a-findfp.o)
                0x00000000080143a8                __sf_fake_stdin
 .rodata.__sf_fake_stdout
                0x00000000080143c8       0x20 /home/zhonx/.opt/AC6/plugins/fr.ac6.mcu.externaltools.arm-none.linux64_1.17.0.201812190825/tools/compiler/bin/../lib/gcc/arm-none-eabi/7.3.1/../../../../arm-none-eabi/lib/thumb/v7e-m/fpv5/hard/libc_nano.a(lib_a-findfp.o)
                0x00000000080143c8                __sf_fake_stdout
 .rodata.__mprec_bigtens
                0x00000000080143e8       0x28 /home/zhonx/.opt/AC6/plugins/fr.ac6.mcu.externaltools.arm-none.linux64_1.17.0.201812190825/tools/compiler/bin/../lib/gcc/arm-none-eabi/7.3.1/../../../../arm-none-eabi/lib/thumb/v7e-m/fpv5/hard/libc_nano.a(lib_a-mprec.o)
                0x00000000080143e8                __mprec_bigtens
 .rodata.__mprec_tens
                0x0000000008014410       0xc8 /home/zhonx/.opt/AC6/plugins/fr.ac6.mcu.externaltools.arm-none.linux64_1.17.0.201812190825/tools/compiler/bin/../lib/gcc/arm-none-eabi/7.3.1/../../../../arm-none-eabi/lib/thumb/v7e-m/fpv5/hard/libc_nano.a(lib_a-mprec.o)
                0x0000000008014410                __mprec_tens
 .rodata.p05.7359
                0x00000000080144d8        0xc /home/zhonx/.opt/AC6/plugins/fr.ac6.mcu.externaltools.arm-none.linux64_1.17.0.201812190825/tools/compiler/bin/../lib/gcc/arm-none-eabi/7.3.1/../../../../arm-none-eabi/lib/thumb/v7e-m/fpv5/hard/libc_nano.a(lib_a-mprec.o)
 .rodata._vfprintf_r.str1.1
                0x00000000080144e4       0x11 /home/zhonx/.opt/AC6/plugins/fr.ac6.mcu.externaltools.arm-none.linux64_1.17.0.201812190825/tools/compiler/bin/../lib/gcc/arm-none-eabi/7.3.1/../../../../arm-none-eabi/lib/thumb/v7e-m/fpv5/hard/libc_nano.a(lib_a-nano-vfprintf.o)
 .rodata._setlocale_r.str1.1
                0x00000000080144f5        0x8 /home/zhonx/.opt/AC6/plugins/fr.ac6.mcu.externaltools.arm-none.linux64_1.17.0.201812190825/tools/compiler/bin/../lib/gcc/arm-none-eabi/7.3.1/../../../../arm-none-eabi/lib/thumb/v7e-m/fpv5/hard/libc_nano.a(lib_a-locale.o)
                                          0x9 (size before relaxing)
 .rodata.str1.1
                0x00000000080144fd        0x2 /home/zhonx/.opt/AC6/plugins/fr.ac6.mcu.externaltools.arm-none.linux64_1.17.0.201812190825/tools/compiler/bin/../lib/gcc/arm-none-eabi/7.3.1/../../../../arm-none-eabi/lib/thumb/v7e-m/fpv5/hard/libc_nano.a(lib_a-locale.o)
 .rodata._ctype_
                0x00000000080144ff      0x101 /home/zhonx/.opt/AC6/plugins/fr.ac6.mcu.externaltools.arm-none.linux64_1.17.0.201812190825/tools/compiler/bin/../lib/gcc/arm-none-eabi/7.3.1/../../../../arm-none-eabi/lib/thumb/v7e-m/fpv5/hard/libc_nano.a(lib_a-ctype_.o)
                0x00000000080144ff                _ctype_
                0x0000000008014600                . = ALIGN (0x4)

.ARM.extab
 *(.ARM.extab* .gnu.linkonce.armextab.*)

.ARM            0x0000000008014600        0x8
                0x0000000008014600                __exidx_start = .
 *(.ARM.exidx*)
 .ARM.exidx     0x0000000008014600        0x8 /home/zhonx/.opt/AC6/plugins/fr.ac6.mcu.externaltools.arm-none.linux64_1.17.0.201812190825/tools/compiler/bin/../lib/gcc/arm-none-eabi/7.3.1/thumb/v7e-m/fpv5/hard/libgcc.a(_udivmoddi4.o)
                0x0000000008014608                __exidx_end = .

.rel.dyn        0x0000000008014608        0x0
 .rel.iplt      0x0000000008014608        0x0 /home/zhonx/.opt/AC6/plugins/fr.ac6.mcu.externaltools.arm-none.linux64_1.17.0.201812190825/tools/compiler/bin/../lib/gcc/arm-none-eabi/7.3.1/thumb/v7e-m/fpv5/hard/crtbegin.o

.preinit_array  0x0000000008014608        0x0
                0x0000000008014608                PROVIDE (__preinit_array_start = .)
 *(.preinit_array*)
                0x0000000008014608                PROVIDE (__preinit_array_end = .)

.init_array     0x0000000008014608        0x4
                0x0000000008014608                PROVIDE (__init_array_start = .)
 *(SORT_BY_NAME(.init_array.*))
 *(.init_array*)
 .init_array    0x0000000008014608        0x4 /home/zhonx/.opt/AC6/plugins/fr.ac6.mcu.externaltools.arm-none.linux64_1.17.0.201812190825/tools/compiler/bin/../lib/gcc/arm-none-eabi/7.3.1/thumb/v7e-m/fpv5/hard/crtbegin.o
                0x000000000801460c                PROVIDE (__init_array_end = .)

.fini_array     0x000000000801460c        0x4
                [!provide]                        PROVIDE (__fini_array_start = .)
 *(SORT_BY_NAME(.fini_array.*))
 *(.fini_array*)
 .fini_array    0x000000000801460c        0x4 /home/zhonx/.opt/AC6/plugins/fr.ac6.mcu.externaltools.arm-none.linux64_1.17.0.201812190825/tools/compiler/bin/../lib/gcc/arm-none-eabi/7.3.1/thumb/v7e-m/fpv5/hard/crtbegin.o
                [!provide]                        PROVIDE (__fini_array_end = .)
                0x0000000008014610                _sidata = LOADADDR (.data)

.data           0x0000000024000000      0x1fc load address 0x0000000008014610
                0x0000000024000000                . = ALIGN (0x4)
                0x0000000024000000                _sdata = .
 *(.data)
 *(.data*)
 .data.SystemCoreClock
                0x0000000024000000        0x4 Core/Src/system_stm32h7xx.o
                0x0000000024000000                SystemCoreClock
 .data.SystemD2Clock
                0x0000000024000004        0x4 Core/Src/system_stm32h7xx.o
                0x0000000024000004                SystemD2Clock
 .data.uwTickPrio
                0x0000000024000008        0x4 Drivers/STM32H7xx_HAL_Driver/Src/stm32h7xx_hal.o
 .data.uwTickFreq
                0x000000002400000c        0x1 Drivers/STM32H7xx_HAL_Driver/Src/stm32h7xx_hal.o
 *fill*         0x000000002400000d        0x3 
 .data.TimerIdxToTimerId
                0x0000000024000010       0x18 Drivers/STM32H7xx_HAL_Driver/Src/stm32h7xx_hal_hrtim.o
 .data.calibration_state
                0x0000000024000028        0x1 Peripheral/Src/cis.o
 .data.__fdlib_version
                0x0000000024000029        0x1 /home/zhonx/.opt/AC6/plugins/fr.ac6.mcu.externaltools.arm-none.linux64_1.17.0.201812190825/tools/compiler/bin/../lib/gcc/arm-none-eabi/7.3.1/../../../../arm-none-eabi/lib/thumb/v7e-m/fpv5/hard/libm.a(lib_a-s_lib_ver.o)
                0x0000000024000029                __fdlib_version
 *fill*         0x000000002400002a        0x2 
 .data._impure_ptr
                0x000000002400002c        0x4 /home/zhonx/.opt/AC6/plugins/fr.ac6.mcu.externaltools.arm-none.linux64_1.17.0.201812190825/tools/compiler/bin/../lib/gcc/arm-none-eabi/7.3.1/../../../../arm-none-eabi/lib/thumb/v7e-m/fpv5/hard/libc_nano.a(lib_a-impure.o)
                0x000000002400002c                _impure_ptr
 .data.impure_data
                0x0000000024000030       0x60 /home/zhonx/.opt/AC6/plugins/fr.ac6.mcu.externaltools.arm-none.linux64_1.17.0.201812190825/tools/compiler/bin/../lib/gcc/arm-none-eabi/7.3.1/../../../../arm-none-eabi/lib/thumb/v7e-m/fpv5/hard/libc_nano.a(lib_a-impure.o)
 .data.__global_locale
                0x0000000024000090      0x16c /home/zhonx/.opt/AC6/plugins/fr.ac6.mcu.externaltools.arm-none.linux64_1.17.0.201812190825/tools/compiler/bin/../lib/gcc/arm-none-eabi/7.3.1/../../../../arm-none-eabi/lib/thumb/v7e-m/fpv5/hard/libc_nano.a(lib_a-locale.o)
                0x0000000024000090                __global_locale
                0x00000000240001fc                . = ALIGN (0x4)
                0x00000000240001fc                _edata = .

.igot.plt       0x00000000240001fc        0x0 load address 0x000000000801480c
 .igot.plt      0x00000000240001fc        0x0 /home/zhonx/.opt/AC6/plugins/fr.ac6.mcu.externaltools.arm-none.linux64_1.17.0.201812190825/tools/compiler/bin/../lib/gcc/arm-none-eabi/7.3.1/thumb/v7e-m/fpv5/hard/crtbegin.o
                0x00000000240001fc                . = ALIGN (0x4)

.bss            0x00000000240001fc     0xb59c load address 0x000000000801480c
                0x00000000240001fc                _sbss = .
                0x00000000240001fc                __bss_start__ = _sbss
 *(.bss)
 .bss           0x00000000240001fc       0x1c /home/zhonx/.opt/AC6/plugins/fr.ac6.mcu.externaltools.arm-none.linux64_1.17.0.201812190825/tools/compiler/bin/../lib/gcc/arm-none-eabi/7.3.1/thumb/v7e-m/fpv5/hard/crtbegin.o
 *(.bss*)
 .bss.HAL_RCC_ADC12_CLK_ENABLED
                0x0000000024000218        0x4 Core/Src/adc.o
 .bss.old_tick.12877
                0x000000002400021c        0x4 Core/Src/main.o
 .bss.heap_end.7234
                0x0000000024000220        0x4 Core/Src/syscalls.o
 .bss.uwTick    0x0000000024000224        0x4 Drivers/STM32H7xx_HAL_Driver/Src/stm32h7xx_hal.o
 .bss.cis_adc_data
                0x0000000024000228     0x5070 Peripheral/Src/cis.o
                0x0000000024000228                cis_adc_data
 .bss.cis_adc_offset
                0x0000000024005298     0x5070 Peripheral/Src/cis.o
 .bss.callback_cnt.13325
                0x000000002400a308        0x4 Peripheral/Src/cis.o
 .bss.cis_read_step.13328
                0x000000002400a30c        0x1 Peripheral/Src/cis.o
 *fill*         0x000000002400a30d        0x3 
 .bss.cis_adc_cal.13322
                0x000000002400a310        0x4 Peripheral/Src/cis.o
 .bss.cal_state.13327
                0x000000002400a314        0x1 Peripheral/Src/cis.o
 *fill*         0x000000002400a315        0x3 
 .bss.pixel_cnt.13324
                0x000000002400a318        0x4 Peripheral/Src/cis.o
 .bss.cnt.13326
                0x000000002400a31c        0x4 Peripheral/Src/cis.o
 .bss.temp_data.13321
                0x000000002400a320        0x4 Peripheral/Src/cis.o
 .bss.pixel_per_comma.13323
                0x000000002400a324        0x4 Peripheral/Src/cis.o
 .bss.unitary_waveform
                0x000000002400a328        0x4 Peripheral/Src/synth.o
 .bss.waves     0x000000002400a32c     0x10e0 Peripheral/Src/synth.o
 .bss.rfft_cnt  0x000000002400b40c        0x4 Peripheral/Src/synth.o
                0x000000002400b40c                rfft_cnt
 .bss.__malloc_free_list
                0x000000002400b410        0x4 /home/zhonx/.opt/AC6/plugins/fr.ac6.mcu.externaltools.arm-none.linux64_1.17.0.201812190825/tools/compiler/bin/../lib/gcc/arm-none-eabi/7.3.1/../../../../arm-none-eabi/lib/thumb/v7e-m/fpv5/hard/libc_nano.a(lib_a-nano-mallocr.o)
                0x000000002400b410                __malloc_free_list
 .bss.__malloc_sbrk_start
                0x000000002400b414        0x4 /home/zhonx/.opt/AC6/plugins/fr.ac6.mcu.externaltools.arm-none.linux64_1.17.0.201812190825/tools/compiler/bin/../lib/gcc/arm-none-eabi/7.3.1/../../../../arm-none-eabi/lib/thumb/v7e-m/fpv5/hard/libc_nano.a(lib_a-nano-mallocr.o)
                0x000000002400b414                __malloc_sbrk_start
 *(COMMON)
 COMMON         0x000000002400b418       0xc8 Core/Src/adc.o
                0x000000002400b418                hadc2
                0x000000002400b47c                hadc1
 COMMON         0x000000002400b4e0       0x14 Core/Src/dac.o
                0x000000002400b4e0                hdac1