Archive member included to satisfy reference by file (symbol)

/opt/st/stm32cubeide_1.6.1/plugins/com.st.stm32cube.ide.mcu.externaltools.gnu-tools-for-stm32.9-2020-q2-update.linux64_1.5.0.202011040924/tools/bin/../lib/gcc/arm-none-eabi/9.3.1/../../../../arm-none-eabi/lib/thumb/v7e-m+fp/hard/libc_nano.a(lib_a-errno.o)
                              Core/Src/syscalls.o (__errno)
/opt/st/stm32cubeide_1.6.1/plugins/com.st.stm32cube.ide.mcu.externaltools.gnu-tools-for-stm32.9-2020-q2-update.linux64_1.5.0.202011040924/tools/bin/../lib/gcc/arm-none-eabi/9.3.1/../../../../arm-none-eabi/lib/thumb/v7e-m+fp/hard/libc_nano.a(lib_a-exit.o)
                              /opt/st/stm32cubeide_1.6.1/plugins/com.st.stm32cube.ide.mcu.externaltools.gnu-tools-for-stm32.9-2020-q2-update.linux64_1.5.0.202011040924/tools/bin/../lib/gcc/arm-none-eabi/9.3.1/../../../../arm-none-eabi/lib/thumb/v7e-m+fp/hard/crt0.o (exit)
/opt/st/stm32cubeide_1.6.1/plugins/com.st.stm32cube.ide.mcu.externaltools.gnu-tools-for-stm32.9-2020-q2-update.linux64_1.5.0.202011040924/tools/bin/../lib/gcc/arm-none-eabi/9.3.1/../../../../arm-none-eabi/lib/thumb/v7e-m+fp/hard/libc_nano.a(lib_a-impure.o)
                              /opt/st/stm32cubeide_1.6.1/plugins/com.st.stm32cube.ide.mcu.externaltools.gnu-tools-for-stm32.9-2020-q2-update.linux64_1.5.0.202011040924/tools/bin/../lib/gcc/arm-none-eabi/9.3.1/../../../../arm-none-eabi/lib/thumb/v7e-m+fp/hard/libc_nano.a(lib_a-exit.o) (_global_impure_ptr)
/opt/st/stm32cubeide_1.6.1/plugins/com.st.stm32cube.ide.mcu.externaltools.gnu-tools-for-stm32.9-2020-q2-update.linux64_1.5.0.202011040924/tools/bin/../lib/gcc/arm-none-eabi/9.3.1/../../../../arm-none-eabi/lib/thumb/v7e-m+fp/hard/libc_nano.a(lib_a-init.o)
                              /opt/st/stm32cubeide_1.6.1/plugins/com.st.stm32cube.ide.mcu.externaltools.gnu-tools-for-stm32.9-2020-q2-update.linux64_1.5.0.202011040924/tools/bin/../lib/gcc/arm-none-eabi/9.3.1/../../../../arm-none-eabi/lib/thumb/v7e-m+fp/hard/crt0.o (__libc_init_array)
/opt/st/stm32cubeide_1.6.1/plugins/com.st.stm32cube.ide.mcu.externaltools.gnu-tools-for-stm32.9-2020-q2-update.linux64_1.5.0.202011040924/tools/bin/../lib/gcc/arm-none-eabi/9.3.1/../../../../arm-none-eabi/lib/thumb/v7e-m+fp/hard/libc_nano.a(lib_a-memset.o)
                              /opt/st/stm32cubeide_1.6.1/plugins/com.st.stm32cube.ide.mcu.externaltools.gnu-tools-for-stm32.9-2020-q2-update.linux64_1.5.0.202011040924/tools/bin/../lib/gcc/arm-none-eabi/9.3.1/../../../../arm-none-eabi/lib/thumb/v7e-m+fp/hard/crt0.o (memset)

Allocating common symbols
Common symbol       size              file

uwTick              0x4               Drivers/STM32H7xx_HAL_Driver/stm32h7xx_hal.o
pFlash              0x1c              Drivers/STM32H7xx_HAL_Driver/stm32h7xx_hal_flash.o

Discarded input sections

 .text          0x0000000000000000        0x0 /opt/st/stm32cubeide_1.6.1/plugins/com.st.stm32cube.ide.mcu.externaltools.gnu-tools-for-stm32.9-2020-q2-update.linux64_1.5.0.202011040924/tools/bin/../lib/gcc/arm-none-eabi/9.3.1/thumb/v7e-m+fp/hard/crti.o
 .data          0x0000000000000000        0x0 /opt/st/stm32cubeide_1.6.1/plugins/com.st.stm32cube.ide.mcu.externaltools.gnu-tools-for-stm32.9-2020-q2-update.linux64_1.5.0.202011040924/tools/bin/../lib/gcc/arm-none-eabi/9.3.1/thumb/v7e-m+fp/hard/crti.o
 .bss           0x0000000000000000        0x0 /opt/st/stm32cubeide_1.6.1/plugins/com.st.stm32cube.ide.mcu.externaltools.gnu-tools-for-stm32.9-2020-q2-update.linux64_1.5.0.202011040924/tools/bin/../lib/gcc/arm-none-eabi/9.3.1/thumb/v7e-m+fp/hard/crti.o
 .data          0x0000000000000000        0x4 /opt/st/stm32cubeide_1.6.1/plugins/com.st.stm32cube.ide.mcu.externaltools.gnu-tools-for-stm32.9-2020-q2-update.linux64_1.5.0.202011040924/tools/bin/../lib/gcc/arm-none-eabi/9.3.1/thumb/v7e-m+fp/hard/crtbegin.o
 .text          0x0000000000000000       0x7c /opt/st/stm32cubeide_1.6.1/plugins/com.st.stm32cube.ide.mcu.externaltools.gnu-tools-for-stm32.9-2020-q2-update.linux64_1.5.0.202011040924/tools/bin/../lib/gcc/arm-none-eabi/9.3.1/../../../../arm-none-eabi/lib/thumb/v7e-m+fp/hard/crt0.o
 .data          0x0000000000000000        0x0 /opt/st/stm32cubeide_1.6.1/plugins/com.st.stm32cube.ide.mcu.externaltools.gnu-tools-for-stm32.9-2020-q2-update.linux64_1.5.0.202011040924/tools/bin/../lib/gcc/arm-none-eabi/9.3.1/../../../../arm-none-eabi/lib/thumb/v7e-m+fp/hard/crt0.o
 .bss           0x0000000000000000        0x0 /opt/st/stm32cubeide_1.6.1/plugins/com.st.stm32cube.ide.mcu.externaltools.gnu-tools-for-stm32.9-2020-q2-update.linux64_1.5.0.202011040924/tools/bin/../lib/gcc/arm-none-eabi/9.3.1/../../../../arm-none-eabi/lib/thumb/v7e-m+fp/hard/crt0.o
 .ARM.extab     0x0000000000000000        0x0 /opt/st/stm32cubeide_1.6.1/plugins/com.st.stm32cube.ide.mcu.externaltools.gnu-tools-for-stm32.9-2020-q2-update.linux64_1.5.0.202011040924/tools/bin/../lib/gcc/arm-none-eabi/9.3.1/../../../../arm-none-eabi/lib/thumb/v7e-m+fp/hard/crt0.o
[...]
Memory Configuration

Name             Origin             Length             Attributes
FLASH            0x0000000008100000 0x0000000000100000 xr
RAM              0x0000000010000000 0x0000000000048000 xrw
*default*        0x0000000000000000 0xffffffffffffffff

Linker script and memory map

LOAD /opt/st/stm32cubeide_1.6.1/plugins/com.st.stm32cube.ide.mcu.externaltools.gnu-tools-for-stm32.9-2020-q2-update.linux64_1.5.0.202011040924/tools/bin/../lib/gcc/arm-none-eabi/9.3.1/thumb/v7e-m+fp/hard/crti.o
LOAD /opt/st/stm32cubeide_1.6.1/plugins/com.st.stm32cube.ide.mcu.externaltools.gnu-tools-for-stm32.9-2020-q2-update.linux64_1.5.0.202011040924/tools/bin/../lib/gcc/arm-none-eabi/9.3.1/thumb/v7e-m+fp/hard/crtbegin.o
LOAD /opt/st/stm32cubeide_1.6.1/plugins/com.st.stm32cube.ide.mcu.externaltools.gnu-tools-for-stm32.9-2020-q2-update.linux64_1.5.0.202011040924/tools/bin/../lib/gcc/arm-none-eabi/9.3.1/../../../../arm-none-eabi/lib/thumb/v7e-m+fp/hard/crt0.o
LOAD Common/Src/system_stm32h7xx_dualcore_boot_cm4_cm7.o
LOAD Core/Src/dma.o
LOAD Core/Src/gpio.o
LOAD Core/Src/main.o
LOAD Core/Src/stm32h7xx_hal_msp.o
LOAD Core/Src/stm32h7xx_it.o
LOAD Core/Src/syscalls.o
LOAD Core/Src/sysmem.o
LOAD Core/Startup/startup_stm32h745iikx.o
LOAD Drivers/STM32H7xx_HAL_Driver/stm32h7xx_hal.o
LOAD Drivers/STM32H7xx_HAL_Driver/stm32h7xx_hal_cortex.o
LOAD Drivers/STM32H7xx_HAL_Driver/stm32h7xx_hal_dma.o
LOAD Drivers/STM32H7xx_HAL_Driver/stm32h7xx_hal_dma_ex.o
LOAD Drivers/STM32H7xx_HAL_Driver/stm32h7xx_hal_exti.o
LOAD Drivers/STM32H7xx_HAL_Driver/stm32h7xx_hal_flash.o
LOAD Drivers/STM32H7xx_HAL_Driver/stm32h7xx_hal_flash_ex.o
LOAD Drivers/STM32H7xx_HAL_Driver/stm32h7xx_hal_gpio.o
LOAD Drivers/STM32H7xx_HAL_Driver/stm32h7xx_hal_hsem.o
LOAD Drivers/STM32H7xx_HAL_Driver/stm32h7xx_hal_i2c.o
LOAD Drivers/STM32H7xx_HAL_Driver/stm32h7xx_hal_i2c_ex.o
LOAD Drivers/STM32H7xx_HAL_Driver/stm32h7xx_hal_mdma.o
LOAD Drivers/STM32H7xx_HAL_Driver/stm32h7xx_hal_pwr.o
LOAD Drivers/STM32H7xx_HAL_Driver/stm32h7xx_hal_pwr_ex.o
LOAD Drivers/STM32H7xx_HAL_Driver/stm32h7xx_hal_rcc.o
LOAD Drivers/STM32H7xx_HAL_Driver/stm32h7xx_hal_rcc_ex.o
LOAD Drivers/STM32H7xx_HAL_Driver/stm32h7xx_hal_tim.o
LOAD Drivers/STM32H7xx_HAL_Driver/stm32h7xx_hal_tim_ex.o
START GROUP
LOAD /opt/st/stm32cubeide_1.6.1/plugins/com.st.stm32cube.ide.mcu.externaltools.gnu-tools-for-stm32.9-2020-q2-update.linux64_1.5.0.202011040924/tools/bin/../lib/gcc/arm-none-eabi/9.3.1/../../../../arm-none-eabi/lib/thumb/v7e-m+fp/hard/libc_nano.a
LOAD /opt/st/stm32cubeide_1.6.1/plugins/com.st.stm32cube.ide.mcu.externaltools.gnu-tools-for-stm32.9-2020-q2-update.linux64_1.5.0.202011040924/tools/bin/../lib/gcc/arm-none-eabi/9.3.1/../../../../arm-none-eabi/lib/thumb/v7e-m+fp/hard/libm.a
END GROUP
START GROUP
LOAD /opt/st/stm32cubeide_1.6.1/plugins/com.st.stm32cube.ide.mcu.externaltools.gnu-tools-for-stm32.9-2020-q2-update.linux64_1.5.0.202011040924/tools/bin/../lib/gcc/arm-none-eabi/9.3.1/thumb/v7e-m+fp/hard/libgcc.a
LOAD /opt/st/stm32cubeide_1.6.1/plugins/com.st.stm32cube.ide.mcu.externaltools.gnu-tools-for-stm32.9-2020-q2-update.linux64_1.5.0.202011040924/tools/bin/../lib/gcc/arm-none-eabi/9.3.1/../../../../arm-none-eabi/lib/thumb/v7e-m+fp/hard/libc_nano.a
END GROUP
START GROUP
LOAD /opt/st/stm32cubeide_1.6.1/plugins/com.st.stm32cube.ide.mcu.externaltools.gnu-tools-for-stm32.9-2020-q2-update.linux64_1.5.0.202011040924/tools/bin/../lib/gcc/arm-none-eabi/9.3.1/thumb/v7e-m+fp/hard/libgcc.a
LOAD /opt/st/stm32cubeide_1.6.1/plugins/com.st.stm32cube.ide.mcu.externaltools.gnu-tools-for-stm32.9-2020-q2-update.linux64_1.5.0.202011040924/tools/bin/../lib/gcc/arm-none-eabi/9.3.1/../../../../arm-none-eabi/lib/thumb/v7e-m+fp/hard/libc_nano.a
LOAD /opt/st/stm32cubeide_1.6.1/plugins/com.st.stm32cube.ide.mcu.externaltools.gnu-tools-for-stm32.9-2020-q2-update.linux64_1.5.0.202011040924/tools/bin/../lib/gcc/arm-none-eabi/9.3.1/../../../../arm-none-eabi/lib/thumb/v7e-m+fp/hard/libnosys.a
END GROUP
START GROUP
LOAD /opt/st/stm32cubeide_1.6.1/plugins/com.st.stm32cube.ide.mcu.externaltools.gnu-tools-for-stm32.9-2020-q2-update.linux64_1.5.0.202011040924/tools/bin/../lib/gcc/arm-none-eabi/9.3.1/thumb/v7e-m+fp/hard/libgcc.a
LOAD /opt/st/stm32cubeide_1.6.1/plugins/com.st.stm32cube.ide.mcu.externaltools.gnu-tools-for-stm32.9-2020-q2-update.linux64_1.5.0.202011040924/tools/bin/../lib/gcc/arm-none-eabi/9.3.1/../../../../arm-none-eabi/lib/thumb/v7e-m+fp/hard/libc_nano.a
LOAD /opt/st/stm32cubeide_1.6.1/plugins/com.st.stm32cube.ide.mcu.externaltools.gnu-tools-for-stm32.9-2020-q2-update.linux64_1.5.0.202011040924/tools/bin/../lib/gcc/arm-none-eabi/9.3.1/../../../../arm-none-eabi/lib/thumb/v7e-m+fp/hard/libnosys.a
END GROUP
LOAD /opt/st/stm32cubeide_1.6.1/plugins/com.st.stm32cube.ide.mcu.externaltools.gnu-tools-for-stm32.9-2020-q2-update.linux64_1.5.0.202011040924/tools/bin/../lib/gcc/arm-none-eabi/9.3.1/thumb/v7e-m+fp/hard/crtend.o
LOAD /opt/st/stm32cubeide_1.6.1/plugins/com.st.stm32cube.ide.mcu.externaltools.gnu-tools-for-stm32.9-2020-q2-update.linux64_1.5.0.202011040924/tools/bin/../lib/gcc/arm-none-eabi/9.3.1/thumb/v7e-m+fp/hard/crtn.o
                0x0000000010048000                _estack = 0x10048000
                0x0000000000000200                _Min_Heap_Size = 0x200
                0x0000000000000400                _Min_Stack_Size = 0x400

.isr_vector     0x0000000008100000      0x298
                0x0000000008100000                . = ALIGN (0x4)
 *(.isr_vector)
 .isr_vector    0x0000000008100000      0x298 Core/Startup/startup_stm32h745iikx.o
                0x0000000008100000                g_pfnVectors
                0x0000000008100298                . = ALIGN (0x4)

.text           0x0000000008100298      0xa04
                0x0000000008100298                . = ALIGN (0x4)
 *(.text)
 .text          0x0000000008100298       0x40 /opt/st/stm32cubeide_1.6.1/plugins/com.st.stm32cube.ide.mcu.externaltools.gnu-tools-for-stm32.9-2020-q2-update.linux64_1.5.0.202011040924/tools/bin/../lib/gcc/arm-none-eabi/9.3.1/thumb/v7e-m+fp/hard/crtbegin.o
 *(.text*)
 .text.SystemInit
                0x00000000081002d8       0x38 Common/Src/system_stm32h7xx_dualcore_boot_cm4_cm7.o
                0x00000000081002d8                SystemInit
 .text.MX_DMA_Init
                0x0000000008100310       0x54 Core/Src/dma.o
                0x0000000008100310                MX_DMA_Init
 .text.MX_GPIO_Init
                0x0000000008100364        0xe Core/Src/gpio.o
                0x0000000008100364                MX_GPIO_Init
 *fill*         0x0000000008100372        0x2 
 .text.main     0x0000000008100374       0x84 Core/Src/main.o
                0x0000000008100374                main
 .text.HAL_MspInit
                0x00000000081003f8       0x34 Core/Src/stm32h7xx_hal_msp.o
                0x00000000081003f8                HAL_MspInit
 .text.NMI_Handler
                0x000000000810042c        0x6 Core/Src/stm32h7xx_it.o
                0x000000000810042c                NMI_Handler
 .text.HardFault_Handler
                0x0000000008100432        0x6 Core/Src/stm32h7xx_it.o
                0x0000000008100432                HardFault_Handler
 .text.MemManage_Handler
                0x0000000008100438        0x6 Core/Src/stm32h7xx_it.o
                0x0000000008100438                MemManage_Handler
 .text.BusFault_Handler
                0x000000000810043e        0x6 Core/Src/stm32h7xx_it.o
                0x000000000810043e                BusFault_Handler
 .text.UsageFault_Handler
                0x0000000008100444        0x6 Core/Src/stm32h7xx_it.o
                0x0000000008100444                UsageFault_Handler
 .text.SVC_Handler
                0x000000000810044a        0xe Core/Src/stm32h7xx_it.o
                0x000000000810044a                SVC_Handler
 .text.DebugMon_Handler
                0x0000000008100458        0xe Core/Src/stm32h7xx_it.o
                0x0000000008100458                DebugMon_Handler
 .text.PendSV_Handler
                0x0000000008100466        0xe Core/Src/stm32h7xx_it.o
                0x0000000008100466                PendSV_Handler
 .text.SysTick_Handler
                0x0000000008100474        0xc Core/Src/stm32h7xx_it.o
                0x0000000008100474                SysTick_Handler
 .text.Reset_Handler
                0x0000000008100480       0x50 Core/Startup/startup_stm32h745iikx.o
                0x0000000008100480                Reset_Handler
 .text.Default_Handler
                0x00000000081004d0        0x2 Core/Startup/startup_stm32h745iikx.o
                0x00000000081004d0                RTC_Alarm_IRQHandler
                0x00000000081004d0                EXTI2_IRQHandler
                0x00000000081004d0                TIM8_CC_IRQHandler
                0x00000000081004d0                HRTIM1_Master_IRQHandler
                0x00000000081004d0                UART8_IRQHandler
                0x00000000081004d0                SPI4_IRQHandler
                0x00000000081004d0                TIM1_CC_IRQHandler
                0x00000000081004d0                BDMA_Channel6_IRQHandler
                0x00000000081004d0                DMA2_Stream5_IRQHandler
                0x00000000081004d0                HRTIM1_FLT_IRQHandler
                0x00000000081004d0                JPEG_IRQHandler
                0x00000000081004d0                DMA1_Stream5_IRQHandler
                0x00000000081004d0                BDMA_Channel1_IRQHandler
                0x00000000081004d0                HRTIM1_TIMD_IRQHandler
                0x00000000081004d0                TAMP_STAMP_IRQHandler
                0x00000000081004d0                EXTI3_IRQHandler
                0x00000000081004d0                LPTIM4_IRQHandler
                0x00000000081004d0                TIM8_TRG_COM_TIM14_IRQHandler
                0x00000000081004d0                LPTIM2_IRQHandler
                0x00000000081004d0                DFSDM1_FLT1_IRQHandler
                0x00000000081004d0                DMAMUX2_OVR_IRQHandler
                0x00000000081004d0                TIM8_UP_TIM13_IRQHandler
                0x00000000081004d0                I2C3_ER_IRQHandler
                0x00000000081004d0                DFSDM1_FLT2_IRQHandler
                0x00000000081004d0                MDMA_IRQHandler
                0x00000000081004d0                LPTIM3_IRQHandler
                0x00000000081004d0                HSEM1_IRQHandler
                0x00000000081004d0                EXTI0_IRQHandler
                0x00000000081004d0                I2C2_EV_IRQHandler
                0x00000000081004d0                DMA1_Stream2_IRQHandler
                0x00000000081004d0                FPU_IRQHandler
                0x00000000081004d0                OTG_HS_WKUP_IRQHandler
                0x00000000081004d0                FDCAN1_IT1_IRQHandler
                0x00000000081004d0                LTDC_ER_IRQHandler
                0x00000000081004d0                DMA2_Stream2_IRQHandler
                0x00000000081004d0                HRTIM1_TIME_IRQHandler
                0x00000000081004d0                SPI1_IRQHandler
                0x00000000081004d0                TIM6_DAC_IRQHandler
                0x00000000081004d0                DCMI_IRQHandler
                0x00000000081004d0                HRTIM1_TIMC_IRQHandler
                0x00000000081004d0                DMA2_Stream3_IRQHandler
                0x00000000081004d0                SAI2_IRQHandler
                0x00000000081004d0                DFSDM1_FLT3_IRQHandler
                0x00000000081004d0                USART6_IRQHandler
                0x00000000081004d0                TIM17_IRQHandler
                0x00000000081004d0                USART3_IRQHandler
                0x00000000081004d0                BDMA_Channel7_IRQHandler
                0x00000000081004d0                LPTIM5_IRQHandler
                0x00000000081004d0                UART5_IRQHandler
                0x00000000081004d0                ADC3_IRQHandler
                0x00000000081004d0                DMA2_Stream0_IRQHandler
                0x00000000081004d0                TIM4_IRQHandler
                0x00000000081004d0                BDMA_Channel2_IRQHandler
                0x00000000081004d0                QUADSPI_IRQHandler
                0x00000000081004d0                I2C1_EV_IRQHandler
                0x00000000081004d0                DMA1_Stream6_IRQHandler
                0x00000000081004d0                DMAMUX1_OVR_IRQHandler
                0x00000000081004d0                DMA1_Stream1_IRQHandler
                0x00000000081004d0                TIM16_IRQHandler
                0x00000000081004d0                UART4_IRQHandler
                0x00000000081004d0                BDMA_Channel5_IRQHandler
                0x00000000081004d0                TIM3_IRQHandler
                0x00000000081004d0                RCC_IRQHandler
                0x00000000081004d0                TIM8_BRK_TIM12_IRQHandler
                0x00000000081004d0                TIM1_TRG_COM_IRQHandler
                0x00000000081004d0                Default_Handler
                0x00000000081004d0                ECC_IRQHandler
                0x00000000081004d0                CEC_IRQHandler
                0x00000000081004d0                EXTI15_10_IRQHandler
                0x00000000081004d0                BDMA_Channel0_IRQHandler
                0x00000000081004d0                ADC_IRQHandler
                0x00000000081004d0                DMA1_Stream7_IRQHandler
                0x00000000081004d0                HRTIM1_TIMA_IRQHandler
                0x00000000081004d0                SPI5_IRQHandler
                0x00000000081004d0                TIM7_IRQHandler
                0x00000000081004d0                SDMMC1_IRQHandler
                0x00000000081004d0                TIM5_IRQHandler
                0x00000000081004d0                DMA2_Stream7_IRQHandler
                0x00000000081004d0                TIM15_IRQHandler
                0x00000000081004d0                PVD_AVD_IRQHandler
                0x00000000081004d0                I2C3_EV_IRQHandler
                0x00000000081004d0                EXTI9_5_IRQHandler
                0x00000000081004d0                RTC_WKUP_IRQHandler
                0x00000000081004d0                LTDC_IRQHandler
                0x00000000081004d0                SAI3_IRQHandler
                0x00000000081004d0                ETH_WKUP_IRQHandler
                0x00000000081004d0                SPDIF_RX_IRQHandler
                0x00000000081004d0                SPI2_IRQHandler
                0x00000000081004d0                OTG_HS_EP1_IN_IRQHandler
                0x00000000081004d0                DMA1_Stream0_IRQHandler
                0x00000000081004d0                CRS_IRQHandler
                0x00000000081004d0                CM7_SEV_IRQHandler
                0x00000000081004d0                EXTI4_IRQHandler
                0x00000000081004d0                RNG_IRQHandler
                0x00000000081004d0                CM4_SEV_IRQHandler
                0x00000000081004d0                HRTIM1_TIMB_IRQHandler
                0x00000000081004d0                FDCAN2_IT1_IRQHandler
                0x00000000081004d0                ETH_IRQHandler
                0x00000000081004d0                TIM1_UP_IRQHandler
                0x00000000081004d0                WWDG_RST_IRQHandler
                0x00000000081004d0                BDMA_Channel4_IRQHandler
                0x00000000081004d0                OTG_HS_EP1_OUT_IRQHandler
                0x00000000081004d0                WWDG_IRQHandler
                0x00000000081004d0                SPI6_IRQHandler
                0x00000000081004d0                MDIOS_IRQHandler
                0x00000000081004d0                I2C4_EV_IRQHandler
                0x00000000081004d0                FDCAN2_IT0_IRQHandler
                0x00000000081004d0                LPUART1_IRQHandler
                0x00000000081004d0                FDCAN1_IT0_IRQHandler
                0x00000000081004d0                TIM2_IRQHandler
                0x00000000081004d0                OTG_FS_WKUP_IRQHandler
                0x00000000081004d0                OTG_HS_IRQHandler
                0x00000000081004d0                HSEM2_IRQHandler
                0x00000000081004d0                DMA2D_IRQHandler
                0x00000000081004d0                TIM1_BRK_IRQHandler
                0x00000000081004d0                EXTI1_IRQHandler
                0x00000000081004d0                SDMMC2_IRQHandler
                0x00000000081004d0                OTG_FS_EP1_OUT_IRQHandler
                0x00000000081004d0                BDMA_Channel3_IRQHandler
                0x00000000081004d0                HOLD_CORE_IRQHandler
                0x00000000081004d0                UART7_IRQHandler
                0x00000000081004d0                MDIOS_WKUP_IRQHandler
                0x00000000081004d0                USART2_IRQHandler
                0x00000000081004d0                DFSDM1_FLT0_IRQHandler
                0x00000000081004d0                SAI4_IRQHandler
                0x00000000081004d0                I2C2_ER_IRQHandler
                0x00000000081004d0                DMA2_Stream1_IRQHandler
                0x00000000081004d0                FLASH_IRQHandler
                0x00000000081004d0                DMA2_Stream4_IRQHandler
                0x00000000081004d0                USART1_IRQHandler
                0x00000000081004d0                OTG_FS_IRQHandler
                0x00000000081004d0                SPI3_IRQHandler
                0x00000000081004d0                WAKEUP_PIN_IRQHandler
                0x00000000081004d0                DMA1_Stream4_IRQHandler
                0x00000000081004d0                OTG_FS_EP1_IN_IRQHandler
                0x00000000081004d0                I2C1_ER_IRQHandler
                0x00000000081004d0                FMC_IRQHandler
                0x00000000081004d0                FDCAN_CAL_IRQHandler
                0x00000000081004d0                SWPMI1_IRQHandler
                0x00000000081004d0                COMP1_IRQHandler
                0x00000000081004d0                LPTIM1_IRQHandler
                0x00000000081004d0                I2C4_ER_IRQHandler
                0x00000000081004d0                DMA2_Stream6_IRQHandler
                0x00000000081004d0                SAI1_IRQHandler
                0x00000000081004d0                DMA1_Stream3_IRQHandler
 *fill*         0x00000000081004d2        0x2 
 .text.HAL_Init
                0x00000000081004d4       0xbc Drivers/STM32H7xx_HAL_Driver/stm32h7xx_hal.o
                0x00000000081004d4                HAL_Init
 .text.HAL_InitTick
                0x0000000008100590       0x6c Drivers/STM32H7xx_HAL_Driver/stm32h7xx_hal.o
                0x0000000008100590                HAL_InitTick
 .text.HAL_IncTick
                0x00000000081005fc       0x28 Drivers/STM32H7xx_HAL_Driver/stm32h7xx_hal.o
                0x00000000081005fc                HAL_IncTick
 .text.__NVIC_SetPriorityGrouping
                0x0000000008100624       0x48 Drivers/STM32H7xx_HAL_Driver/stm32h7xx_hal_cortex.o
 .text.__NVIC_GetPriorityGrouping
                0x000000000810066c       0x1c Drivers/STM32H7xx_HAL_Driver/stm32h7xx_hal_cortex.o
 .text.__NVIC_SetPriority
                0x0000000008100688       0x54 Drivers/STM32H7xx_HAL_Driver/stm32h7xx_hal_cortex.o
 .text.NVIC_EncodePriority
                0x00000000081006dc       0x66 Drivers/STM32H7xx_HAL_Driver/stm32h7xx_hal_cortex.o
 *fill*         0x0000000008100742        0x2 
 .text.SysTick_Config
                0x0000000008100744       0x44 Drivers/STM32H7xx_HAL_Driver/stm32h7xx_hal_cortex.o
 .text.HAL_NVIC_SetPriorityGrouping
                0x0000000008100788       0x16 Drivers/STM32H7xx_HAL_Driver/stm32h7xx_hal_cortex.o
                0x0000000008100788                HAL_NVIC_SetPriorityGrouping
 .text.HAL_NVIC_SetPriority
                0x000000000810079e       0x34 Drivers/STM32H7xx_HAL_Driver/stm32h7xx_hal_cortex.o
                0x000000000810079e                HAL_NVIC_SetPriority
 .text.HAL_SYSTICK_Config
                0x00000000081007d2       0x18 Drivers/STM32H7xx_HAL_Driver/stm32h7xx_hal_cortex.o
                0x00000000081007d2                HAL_SYSTICK_Config
 *fill*         0x00000000081007ea        0x2 
 .text.HAL_GetCurrentCPUID
                0x00000000081007ec       0x28 Drivers/STM32H7xx_HAL_Driver/stm32h7xx_hal_cortex.o
                0x00000000081007ec                HAL_GetCurrentCPUID
 .text.HAL_HSEM_ActivateNotification
                0x0000000008100814       0x24 Drivers/STM32H7xx_HAL_Driver/stm32h7xx_hal_hsem.o
                0x0000000008100814                HAL_HSEM_ActivateNotification
 .text.HAL_PWREx_EnterSTOPMode
                0x0000000008100838       0xf4 Drivers/STM32H7xx_HAL_Driver/stm32h7xx_hal_pwr_ex.o
                0x0000000008100838                HAL_PWREx_EnterSTOPMode
 .text.HAL_PWREx_ClearPendingEvent
                0x000000000810092c       0x1a Drivers/STM32H7xx_HAL_Driver/stm32h7xx_hal_pwr_ex.o
                0x000000000810092c                HAL_PWREx_ClearPendingEvent
 *fill*         0x0000000008100946        0x2 
 .text.HAL_RCC_GetSysClockFreq
                0x0000000008100948      0x2f4 Drivers/STM32H7xx_HAL_Driver/stm32h7xx_hal_rcc.o
                0x0000000008100948                HAL_RCC_GetSysClockFreq
 .text.__libc_init_array
                0x0000000008100c3c       0x48 /opt/st/stm32cubeide_1.6.1/plugins/com.st.stm32cube.ide.mcu.externaltools.gnu-tools-for-stm32.9-2020-q2-update.linux64_1.5.0.202011040924/tools/bin/../lib/gcc/arm-none-eabi/9.3.1/../../../../arm-none-eabi/lib/thumb/v7e-m+fp/hard/libc_nano.a(lib_a-init.o)
                0x0000000008100c3c                __libc_init_array
 *(.glue_7)
 .glue_7        0x0000000008100c84        0x0 linker stubs
 *(.glue_7t)
 .glue_7t       0x0000000008100c84        0x0 linker stubs
 *(.eh_frame)
 .eh_frame      0x0000000008100c84        0x0 /opt/st/stm32cubeide_1.6.1/plugins/com.st.stm32cube.ide.mcu.externaltools.gnu-tools-for-stm32.9-2020-q2-update.linux64_1.5.0.202011040924/tools/bin/../lib/gcc/arm-none-eabi/9.3.1/thumb/v7e-m+fp/hard/crtbegin.o
 *(.init)
 .init          0x0000000008100c84        0x4 /opt/st/stm32cubeide_1.6.1/plugins/com.st.stm32cube.ide.mcu.externaltools.gnu-tools-for-stm32.9-2020-q2-update.linux64_1.5.0.202011040924/tools/bin/../lib/gcc/arm-none-eabi/9.3.1/thumb/v7e-m+fp/hard/crti.o
                0x0000000008100c84                _init
 .init          0x0000000008100c88        0x8 /opt/st/stm32cubeide_1.6.1/plugins/com.st.stm32cube.ide.mcu.externaltools.gnu-tools-for-stm32.9-2020-q2-update.linux64_1.5.0.202011040924/tools/bin/../lib/gcc/arm-none-eabi/9.3.1/thumb/v7e-m+fp/hard/crtn.o
 *(.fini)
 .fini          0x0000000008100c90        0x4 /opt/st/stm32cubeide_1.6.1/plugins/com.st.stm32cube.ide.mcu.externaltools.gnu-tools-for-stm32.9-2020-q2-update.linux64_1.5.0.202011040924/tools/bin/../lib/gcc/arm-none-eabi/9.3.1/thumb/v7e-m+fp/hard/crti.o
                0x0000000008100c90                _fini
 .fini          0x0000000008100c94        0x8 /opt/st/stm32cubeide_1.6.1/plugins/com.st.stm32cube.ide.mcu.externaltools.gnu-tools-for-stm32.9-2020-q2-update.linux64_1.5.0.202011040924/tools/bin/../lib/gcc/arm-none-eabi/9.3.1/thumb/v7e-m+fp/hard/crtn.o
                0x0000000008100c9c                . = ALIGN (0x4)
                0x0000000008100c9c                _etext = .

.vfp11_veneer   0x0000000008100c9c        0x0
 .vfp11_veneer  0x0000000008100c9c        0x0 linker stubs

.v4_bx          0x0000000008100c9c        0x0
 .v4_bx         0x0000000008100c9c        0x0 linker stubs

.iplt           0x0000000008100c9c        0x0
 .iplt          0x0000000008100c9c        0x0 /opt/st/stm32cubeide_1.6.1/plugins/com.st.stm32cube.ide.mcu.externaltools.gnu-tools-for-stm32.9-2020-q2-update.linux64_1.5.0.202011040924/tools/bin/../lib/gcc/arm-none-eabi/9.3.1/thumb/v7e-m+fp/hard/crtbegin.o

.rodata         0x0000000008100c9c       0x10
                0x0000000008100c9c                . = ALIGN (0x4)
 *(.rodata)
 *(.rodata*)
 .rodata.D1CorePrescTable
                0x0000000008100c9c       0x10 Common/Src/system_stm32h7xx_dualcore_boot_cm4_cm7.o
                0x0000000008100c9c                D1CorePrescTable
                0x0000000008100cac                . = ALIGN (0x4)

.rel.dyn        0x0000000008100cac        0x0
 .rel.iplt      0x0000000008100cac        0x0 /opt/st/stm32cubeide_1.6.1/plugins/com.st.stm32cube.ide.mcu.externaltools.gnu-tools-for-stm32.9-2020-q2-update.linux64_1.5.0.202011040924/tools/bin/../lib/gcc/arm-none-eabi/9.3.1/thumb/v7e-m+fp/hard/crtbegin.o

.ARM.extab
 *(.ARM.extab* .gnu.linkonce.armextab.*)

.ARM            0x0000000008100cac        0x0
                0x0000000008100cac                __exidx_start = .
 *(.ARM.exidx*)
                0x0000000008100cac                __exidx_end = .

.preinit_array  0x0000000008100cac        0x0
                0x0000000008100cac                PROVIDE (__preinit_array_start = .)
 *(.preinit_array*)
                0x0000000008100cac                PROVIDE (__preinit_array_end = .)

.init_array     0x0000000008100cac        0x4
                0x0000000008100cac                PROVIDE (__init_array_start = .)
 *(SORT_BY_NAME(.init_array.*))
 *(.init_array*)
 .init_array    0x0000000008100cac        0x4 /opt/st/stm32cubeide_1.6.1/plugins/com.st.stm32cube.ide.mcu.externaltools.gnu-tools-for-stm32.9-2020-q2-update.linux64_1.5.0.202011040924/tools/bin/../lib/gcc/arm-none-eabi/9.3.1/thumb/v7e-m+fp/hard/crtbegin.o
                0x0000000008100cb0                PROVIDE (__init_array_end = .)

.fini_array     0x0000000008100cb0        0x4
                [!provide]                        PROVIDE (__fini_array_start = .)
 *(SORT_BY_NAME(.fini_array.*))
 *(.fini_array*)
 .fini_array    0x0000000008100cb0        0x4 /opt/st/stm32cubeide_1.6.1/plugins/com.st.stm32cube.ide.mcu.externaltools.gnu-tools-for-stm32.9-2020-q2-update.linux64_1.5.0.202011040924/tools/bin/../lib/gcc/arm-none-eabi/9.3.1/thumb/v7e-m+fp/hard/crtbegin.o
                [!provide]                        PROVIDE (__fini_array_end = .)
                0x0000000008100cb4                _sidata = LOADADDR (.data)

.data           0x0000000010000000       0x10 load address 0x0000000008100cb4
                0x0000000010000000                . = ALIGN (0x4)
                0x0000000010000000                _sdata = .
 *(.data)
 *(.data*)
 .data.SystemCoreClock
                0x0000000010000000        0x4 Common/Src/system_stm32h7xx_dualcore_boot_cm4_cm7.o
                0x0000000010000000                SystemCoreClock
 .data.SystemD2Clock
                0x0000000010000004        0x4 Common/Src/system_stm32h7xx_dualcore_boot_cm4_cm7.o
                0x0000000010000004                SystemD2Clock
 .data.uwTickPrio
                0x0000000010000008        0x4 Drivers/STM32H7xx_HAL_Driver/stm32h7xx_hal.o
                0x0000000010000008                uwTickPrio
 .data.uwTickFreq
                0x000000001000000c        0x1 Drivers/STM32H7xx_HAL_Driver/stm32h7xx_hal.o
                0x000000001000000c                uwTickFreq
 *(.RamFunc)
 *(.RamFunc*)
                0x0000000010000010                . = ALIGN (0x4)
 *fill*         0x000000001000000d        0x3 
                0x0000000010000010                _edata = .

.igot.plt       0x0000000010000010        0x0 load address 0x0000000008100cc4
 .igot.plt      0x0000000010000010        0x0 /opt/st/stm32cubeide_1.6.1/plugins/com.st.stm32cube.ide.mcu.externaltools.gnu-tools-for-stm32.9-2020-q2-update.linux64_1.5.0.202011040924/tools/bin/../lib/gcc/arm-none-eabi/9.3.1/thumb/v7e-m+fp/hard/crtbegin.o
                0x0000000010000010                . = ALIGN (0x4)

.bss            0x0000000010000010       0x20 load address 0x0000000008100cc4
                0x0000000010000010                _sbss = .
                0x0000000010000010                __bss_start__ = _sbss
 *(.bss)
 .bss           0x0000000010000010       0x1c /opt/st/stm32cubeide_1.6.1/plugins/com.st.stm32cube.ide.mcu.externaltools.gnu-tools-for-stm32.9-2020-q2-update.linux64_1.5.0.202011040924/tools/bin/../lib/gcc/arm-none-eabi/9.3.1/thumb/v7e-m+fp/hard/crtbegin.o
 *(.bss*)
 *(COMMON)
 COMMON         0x000000001000002c        0x4 Drivers/STM32H7xx_HAL_Driver/stm32h7xx_hal.o
                0x000000001000002c                uwTick
                0x0000000010000030                . = ALIGN (0x4)
                0x0000000010000030                _ebss = .
                0x0000000010000030                __bss_end__ = _ebss

._user_heap_stack
                0x0000000010000030      0x600 load address 0x0000000008100cc4
                0x0000000010000030                . = ALIGN (0x8)
                [!provide]                        PROVIDE (end = .)
                0x0000000010000030                PROVIDE (_end = .)
                0x0000000010000230                . = (. + _Min_Heap_Size)
 *fill*         0x0000000010000030      0x200 
                0x0000000010000630                . = (. + _Min_Stack_Size)
 *fill*         0x0000000010000230      0x400 
                0x0000000010000630                . = ALIGN (0x8)

/DISCARD/
 libc.a(*)
 libm.a(*)
 libgcc.a(*)

.ARM.attributes
                0x0000000000000000       0x30
 *(.ARM.attributes)
 .ARM.attributes
                0x0000000000000000       0x1e /opt/st/stm32cubeide_1.6.1/plugins/com.st.stm32cube.ide.mcu.externaltools.gnu-tools-for-stm32.9-2020-q2-update.linux64_1.5.0.202011040924/tools/bin/../lib/gcc/arm-none-eabi/9.3.1/thumb/v7e-m+fp/hard/crti.o
 .ARM.attributes
                0x000000000000001e       0x34 /opt/st/stm32cubeide_1.6.1/plugins/com.st.stm32cube.ide.mcu.externaltools.gnu-tools-for-stm32.9-2020-q2-update.linux64_1.5.0.202011040924/tools/bin/../lib/gcc/arm-none-eabi/9.3.1/thumb/v7e-m+fp/hard/crtbegin.o
 .ARM.attributes
                0x0000000000000052       0x34 Common/Src/system_stm32h7xx_dualcore_boot_cm4_cm7.o
 .ARM.attributes
                0x0000000000000086       0x34 Core/Src/dma.o
 .ARM.attributes
                0x00000000000000ba       0x34 Core/Src/gpio.o
 .ARM.attributes
                0x00000000000000ee       0x34 Core/Src/main.o
 .ARM.attributes
                0x0000000000000122       0x34 Core/Src/stm32h7xx_hal_msp.o
 .ARM.attributes
                0x0000000000000156       0x34 Core/Src/stm32h7xx_it.o
 .ARM.attributes
                0x000000000000018a       0x21 Core/Startup/startup_stm32h745iikx.o
 .ARM.attributes
                0x00000000000001ab       0x34 Drivers/STM32H7xx_HAL_Driver/stm32h7xx_hal.o
 .ARM.attributes
                0x00000000000001df       0x34 Drivers/STM32H7xx_HAL_Driver/stm32h7xx_hal_cortex.o
 .ARM.attributes
                0x0000000000000213       0x34 Drivers/STM32H7xx_HAL_Driver/stm32h7xx_hal_hsem.o
 .ARM.attributes
                0x0000000000000247       0x34 Drivers/STM32H7xx_HAL_Driver/stm32h7xx_hal_pwr_ex.o
 .ARM.attributes
                0x000000000000027b       0x34 Drivers/STM32H7xx_HAL_Driver/stm32h7xx_hal_rcc.o
 .ARM.attributes
                0x00000000000002af       0x34 /opt/st/stm32cubeide_1.6.1/plugins/com.st.stm32cube.ide.mcu.externaltools.gnu-tools-for-stm32.9-2020-q2-update.linux64_1.5.0.202011040924/tools/bin/../lib/gcc/arm-none-eabi/9.3.1/../../../../arm-none-eabi/lib/thumb/v7e-m+fp/hard/libc_nano.a(lib_a-init.o)
 .ARM.attributes
                0x00000000000002e3       0x1e /opt/st/stm32cubeide_1.6.1/plugins/com.st.stm32cube.ide.mcu.externaltools.gnu-tools-for-stm32.9-2020-q2-update.linux64_1.5.0.202011040924/tools/bin/../lib/gcc/arm-none-eabi/9.3.1/thumb/v7e-m+fp/hard/crtn.o
OUTPUT(SSS_CIS_CM4.elf elf32-littlearm)
LOAD linker stubs
LOAD /opt/st/stm32cubeide_1.6.1/plugins/com.st.stm32cube.ide.mcu.externaltools.gnu-tools-for-stm32.9-2020-q2-update.linux64_1.5.0.202011040924/tools/bin/../lib/gcc/arm-none-eabi/9.3.1/../../../../arm-none-eabi/lib/thumb/v7e-m+fp/hard/libc.a
LOAD /opt/st/stm32cubeide_1.6.1/plugins/com.st.stm32cube.ide.mcu.externaltools.gnu-tools-for-stm32.9-2020-q2-update.linux64_1.5.0.202011040924/tools/bin/../lib/gcc/arm-none-eabi/9.3.1/../../../../arm-none-eabi/lib/thumb/v7e-m+fp/hard/libm.a
LOAD /opt/st/stm32cubeide_1.6.1/plugins/com.st.stm32cube.ide.mcu.externaltools.gnu-tools-for-stm32.9-2020-q2-update.linux64_1.5.0.202011040924/tools/bin/../lib/gcc/arm-none-eabi/9.3.1/thumb/v7e-m+fp/hard/libgcc.a

.debug_info     0x0000000000000000     0xd8b7
 .debug_info    0x0000000000000000     0x11ba Common/Src/system_stm32h7xx_dualcore_boot_cm4_cm7.o
 .debug_info    0x00000000000011ba      0xf58 Core/Src/dma.o
 .debug_info    0x0000000000002112      0xb52 Core/Src/gpio.o
 .debug_info    0x0000000000002c64     0x122a Core/Src/main.o
 .debug_info    0x0000000000003e8e      0xf3b Core/Src/stm32h7xx_hal_msp.o
 .debug_info    0x0000000000004dc9      0xbe2 Core/Src/stm32h7xx_it.o
 .debug_info    0x00000000000059ab       0x22 Core/Startup/startup_stm32h745iikx.o
 .debug_info    0x00000000000059cd     0x21ec Drivers/STM32H7xx_HAL_Driver/stm32h7xx_hal.o
 .debug_info    0x0000000000007bb9     0x1a13 Drivers/STM32H7xx_HAL_Driver/stm32h7xx_hal_cortex.o
 .debug_info    0x00000000000095cc      0xe94 Drivers/STM32H7xx_HAL_Driver/stm32h7xx_hal_hsem.o
 .debug_info    0x000000000000a460     0x1b2f Drivers/STM32H7xx_HAL_Driver/stm32h7xx_hal_pwr_ex.o
 .debug_info    0x000000000000bf8f     0x1928 Drivers/STM32H7xx_HAL_Driver/stm32h7xx_hal_rcc.o

.debug_abbrev   0x0000000000000000     0x1d76
 .debug_abbrev  0x0000000000000000      0x251 Common/Src/system_stm32h7xx_dualcore_boot_cm4_cm7.o
 .debug_abbrev  0x0000000000000251      0x21a Core/Src/dma.o
 .debug_abbrev  0x000000000000046b      0x1d5 Core/Src/gpio.o
 .debug_abbrev  0x0000000000000640      0x271 Core/Src/main.o
 .debug_abbrev  0x00000000000008b1      0x20f Core/Src/stm32h7xx_hal_msp.o
 .debug_abbrev  0x0000000000000ac0      0x1ef Core/Src/stm32h7xx_it.o
 .debug_abbrev  0x0000000000000caf       0x12 Core/Startup/startup_stm32h745iikx.o
 .debug_abbrev  0x0000000000000cc1      0x324 Drivers/STM32H7xx_HAL_Driver/stm32h7xx_hal.o
 .debug_abbrev  0x0000000000000fe5      0x409 Drivers/STM32H7xx_HAL_Driver/stm32h7xx_hal_cortex.o
 .debug_abbrev  0x00000000000013ee      0x2e9 Drivers/STM32H7xx_HAL_Driver/stm32h7xx_hal_hsem.o
 .debug_abbrev  0x00000000000016d7      0x37d Drivers/STM32H7xx_HAL_Driver/stm32h7xx_hal_pwr_ex.o
 .debug_abbrev  0x0000000000001a54      0x322 Drivers/STM32H7xx_HAL_Driver/stm32h7xx_hal_rcc.o

.debug_aranges  0x0000000000000000      0x6c0
 .debug_aranges
                0x0000000000000000       0x28 Common/Src/system_stm32h7xx_dualcore_boot_cm4_cm7.o
 .debug_aranges
                0x0000000000000028       0x20 Core/Src/dma.o
 .debug_aranges
                0x0000000000000048       0x20 Core/Src/gpio.o
 .debug_aranges
                0x0000000000000068       0x28 Core/Src/main.o
 .debug_aranges
                0x0000000000000090       0x20 Core/Src/stm32h7xx_hal_msp.o
 .debug_aranges
                0x00000000000000b0       0x60 Core/Src/stm32h7xx_it.o
 .debug_aranges
                0x0000000000000110       0x28 Core/Startup/startup_stm32h745iikx.o
 .debug_aranges
                0x0000000000000138      0x200 Drivers/STM32H7xx_HAL_Driver/stm32h7xx_hal.o
 .debug_aranges
                0x0000000000000338      0x120 Drivers/STM32H7xx_HAL_Driver/stm32h7xx_hal_cortex.o
 .debug_aranges
                0x0000000000000458       0x70 Drivers/STM32H7xx_HAL_Driver/stm32h7xx_hal_hsem.o
 .debug_aranges
                0x00000000000004c8      0x170 Drivers/STM32H7xx_HAL_Driver/stm32h7xx_hal_pwr_ex.o
 .debug_aranges
                0x0000000000000638       0x88 Drivers/STM32H7xx_HAL_Driver/stm32h7xx_hal_rcc.o

.debug_ranges   0x0000000000000000      0x608
 .debug_ranges  0x0000000000000000       0x18 Common/Src/system_stm32h7xx_dualcore_boot_cm4_cm7.o
 .debug_ranges  0x0000000000000018       0x10 Core/Src/dma.o
 .debug_ranges  0x0000000000000028       0x10 Core/Src/gpio.o
 .debug_ranges  0x0000000000000038       0x18 Core/Src/main.o
 .debug_ranges  0x0000000000000050       0x10 Core/Src/stm32h7xx_hal_msp.o
 .debug_ranges  0x0000000000000060       0x50 Core/Src/stm32h7xx_it.o
 .debug_ranges  0x00000000000000b0       0x20 Core/Startup/startup_stm32h745iikx.o
 .debug_ranges  0x00000000000000d0      0x1f0 Drivers/STM32H7xx_HAL_Driver/stm32h7xx_hal.o
 .debug_ranges  0x00000000000002c0      0x110 Drivers/STM32H7xx_HAL_Driver/stm32h7xx_hal_cortex.o
 .debug_ranges  0x00000000000003d0       0x60 Drivers/STM32H7xx_HAL_Driver/stm32h7xx_hal_hsem.o
 .debug_ranges  0x0000000000000430      0x160 Drivers/STM32H7xx_HAL_Driver/stm32h7xx_hal_pwr_ex.o
 .debug_ranges  0x0000000000000590       0x78 Drivers/STM32H7xx_HAL_Driver/stm32h7xx_hal_rcc.o

.debug_macro    0x0000000000000000    0x36ed9
 .debug_macro   0x0000000000000000      0x288 Common/Src/system_stm32h7xx_dualcore_boot_cm4_cm7.o
 .debug_macro   0x0000000000000288      0xaae Common/Src/system_stm32h7xx_dualcore_boot_cm4_cm7.o
 .debug_macro   0x0000000000000d36       0x2e Common/Src/system_stm32h7xx_dualcore_boot_cm4_cm7.o
 .debug_macro   0x0000000000000d64       0x3b Common/Src/system_stm32h7xx_dualcore_boot_cm4_cm7.o
 .debug_macro   0x0000000000000d9f       0x22 Common/Src/system_stm32h7xx_dualcore_boot_cm4_cm7.o
 .debug_macro   0x0000000000000dc1       0x8e Common/Src/system_stm32h7xx_dualcore_boot_cm4_cm7.o
 .debug_macro   0x0000000000000e4f       0x51 Common/Src/system_stm32h7xx_dualcore_boot_cm4_cm7.o
 .debug_macro   0x0000000000000ea0      0x103 Common/Src/system_stm32h7xx_dualcore_boot_cm4_cm7.o
 .debug_macro   0x0000000000000fa3       0x6a Common/Src/system_stm32h7xx_dualcore_boot_cm4_cm7.o
 .debug_macro   0x000000000000100d      0x1df Common/Src/system_stm32h7xx_dualcore_boot_cm4_cm7.o
 .debug_macro   0x00000000000011ec       0x1c Common/Src/system_stm32h7xx_dualcore_boot_cm4_cm7.o
 .debug_macro   0x0000000000001208       0x22 Common/Src/system_stm32h7xx_dualcore_boot_cm4_cm7.o
 .debug_macro   0x000000000000122a      0x101 Common/Src/system_stm32h7xx_dualcore_boot_cm4_cm7.o
 .debug_macro   0x000000000000132b     0x1011 Common/Src/system_stm32h7xx_dualcore_boot_cm4_cm7.o
 .debug_macro   0x000000000000233c      0x11f Common/Src/system_stm32h7xx_dualcore_boot_cm4_cm7.o
 .debug_macro   0x000000000000245b    0x26895 Common/Src/system_stm32h7xx_dualcore_boot_cm4_cm7.o
 .debug_macro   0x0000000000028cf0       0x43 Common/Src/system_stm32h7xx_dualcore_boot_cm4_cm7.o
 .debug_macro   0x0000000000028d33      0x22c Common/Src/system_stm32h7xx_dualcore_boot_cm4_cm7.o
 .debug_macro   0x0000000000028f5f     0x3cd3 Common/Src/system_stm32h7xx_dualcore_boot_cm4_cm7.o
 .debug_macro   0x000000000002cc32      0x174 Common/Src/system_stm32h7xx_dualcore_boot_cm4_cm7.o
 .debug_macro   0x000000000002cda6       0x52 Common/Src/system_stm32h7xx_dualcore_boot_cm4_cm7.o
 .debug_macro   0x000000000002cdf8       0x18 Common/Src/system_stm32h7xx_dualcore_boot_cm4_cm7.o
 .debug_macro   0x000000000002ce10       0x3c Common/Src/system_stm32h7xx_dualcore_boot_cm4_cm7.o
 .debug_macro   0x000000000002ce4c       0x34 Common/Src/system_stm32h7xx_dualcore_boot_cm4_cm7.o
 .debug_macro   0x000000000002ce80       0x16 Common/Src/system_stm32h7xx_dualcore_boot_cm4_cm7.o
 .debug_macro   0x000000000002ce96       0x43 Common/Src/system_stm32h7xx_dualcore_boot_cm4_cm7.o
 .debug_macro   0x000000000002ced9       0x34 Common/Src/system_stm32h7xx_dualcore_boot_cm4_cm7.o
 .debug_macro   0x000000000002cf0d       0x10 Common/Src/system_stm32h7xx_dualcore_boot_cm4_cm7.o
 .debug_macro   0x000000000002cf1d       0x58 Common/Src/system_stm32h7xx_dualcore_boot_cm4_cm7.o
 .debug_macro   0x000000000002cf75       0x71 Common/Src/system_stm32h7xx_dualcore_boot_cm4_cm7.o
 .debug_macro   0x000000000002cfe6       0x1c Common/Src/system_stm32h7xx_dualcore_boot_cm4_cm7.o
 .debug_macro   0x000000000002d002      0x12a Common/Src/system_stm32h7xx_dualcore_boot_cm4_cm7.o
 .debug_macro   0x000000000002d12c      0x333 Common/Src/system_stm32h7xx_dualcore_boot_cm4_cm7.o
 .debug_macro   0x000000000002d45f      0x1a9 Common/Src/system_stm32h7xx_dualcore_boot_cm4_cm7.o
 .debug_macro   0x000000000002d608       0x5d Common/Src/system_stm32h7xx_dualcore_boot_cm4_cm7.o
 .debug_macro   0x000000000002d665     0x3a9d Common/Src/system_stm32h7xx_dualcore_boot_cm4_cm7.o
 .debug_macro   0x0000000000031102     0x1048 Common/Src/system_stm32h7xx_dualcore_boot_cm4_cm7.o
 .debug_macro   0x000000000003214a      0x14d Common/Src/system_stm32h7xx_dualcore_boot_cm4_cm7.o
 .debug_macro   0x0000000000032297      0x133 Common/Src/system_stm32h7xx_dualcore_boot_cm4_cm7.o
 .debug_macro   0x00000000000323ca      0x3be Common/Src/system_stm32h7xx_dualcore_boot_cm4_cm7.o
 .debug_macro   0x0000000000032788       0x27 Common/Src/system_stm32h7xx_dualcore_boot_cm4_cm7.o
 .debug_macro   0x00000000000327af      0x72d Common/Src/system_stm32h7xx_dualcore_boot_cm4_cm7.o
 .debug_macro   0x0000000000032edc      0x229 Common/Src/system_stm32h7xx_dualcore_boot_cm4_cm7.o
 .debug_macro   0x0000000000033105       0x66 Common/Src/system_stm32h7xx_dualcore_boot_cm4_cm7.o
 .debug_macro   0x000000000003316b      0x3bb Common/Src/system_stm32h7xx_dualcore_boot_cm4_cm7.o
 .debug_macro   0x0000000000033526      0x408 Common/Src/system_stm32h7xx_dualcore_boot_cm4_cm7.o
 .debug_macro   0x000000000003392e      0x244 Common/Src/system_stm32h7xx_dualcore_boot_cm4_cm7.o
 .debug_macro   0x0000000000033b72      0x3cb Common/Src/system_stm32h7xx_dualcore_boot_cm4_cm7.o
 .debug_macro   0x0000000000033f3d      0x4a2 Common/Src/system_stm32h7xx_dualcore_boot_cm4_cm7.o
 .debug_macro   0x00000000000343df       0x51 Common/Src/system_stm32h7xx_dualcore_boot_cm4_cm7.o
 .debug_macro   0x0000000000034430       0x4a Common/Src/system_stm32h7xx_dualcore_boot_cm4_cm7.o
 .debug_macro   0x000000000003447a      0x22c Common/Src/system_stm32h7xx_dualcore_boot_cm4_cm7.o
 .debug_macro   0x00000000000346a6       0x67 Common/Src/system_stm32h7xx_dualcore_boot_cm4_cm7.o
 .debug_macro   0x000000000003470d       0xa5 Common/Src/system_stm32h7xx_dualcore_boot_cm4_cm7.o
 .debug_macro   0x00000000000347b2      0x219 Common/Src/system_stm32h7xx_dualcore_boot_cm4_cm7.o
 .debug_macro   0x00000000000349cb      0x2eb Common/Src/system_stm32h7xx_dualcore_boot_cm4_cm7.o
 .debug_macro   0x0000000000034cb6       0x35 Common/Src/system_stm32h7xx_dualcore_boot_cm4_cm7.o
 .debug_macro   0x0000000000034ceb      0x798 Common/Src/system_stm32h7xx_dualcore_boot_cm4_cm7.o
 .debug_macro   0x0000000000035483      0x29b Core/Src/dma.o
 .debug_macro   0x000000000003571e       0x22 Core/Src/dma.o
 .debug_macro   0x0000000000035740      0x29b Core/Src/gpio.o
 .debug_macro   0x00000000000359db      0x2af Core/Src/main.o
 .debug_macro   0x0000000000035c8a      0x291 Core/Src/stm32h7xx_hal_msp.o
 .debug_macro   0x0000000000035f1b      0x29b Core/Src/stm32h7xx_it.o
 .debug_macro   0x00000000000361b6      0x2ac Drivers/STM32H7xx_HAL_Driver/stm32h7xx_hal.o
 .debug_macro   0x0000000000036462      0x282 Drivers/STM32H7xx_HAL_Driver/stm32h7xx_hal_cortex.o
 .debug_macro   0x00000000000366e4      0x294 Drivers/STM32H7xx_HAL_Driver/stm32h7xx_hal_hsem.o
 .debug_macro   0x0000000000036978      0x2bb Drivers/STM32H7xx_HAL_Driver/stm32h7xx_hal_pwr_ex.o
 .debug_macro   0x0000000000036c33      0x2a6 Drivers/STM32H7xx_HAL_Driver/stm32h7xx_hal_rcc.o

.debug_line     0x0000000000000000     0x7b0c
 .debug_line    0x0000000000000000      0x953 Common/Src/system_stm32h7xx_dualcore_boot_cm4_cm7.o
 .debug_line    0x0000000000000953      0x7cf Core/Src/dma.o
 .debug_line    0x0000000000001122      0x7cb Core/Src/gpio.o
 .debug_line    0x00000000000018ed      0x81c Core/Src/main.o
 .debug_line    0x0000000000002109      0x7d4 Core/Src/stm32h7xx_hal_msp.o
 .debug_line    0x00000000000028dd      0x897 Core/Src/stm32h7xx_it.o
 .debug_line    0x0000000000003174       0x88 Core/Startup/startup_stm32h745iikx.o
 .debug_line    0x00000000000031fc      0xf0f Drivers/STM32H7xx_HAL_Driver/stm32h7xx_hal.o
 .debug_line    0x000000000000410b      0xdbf Drivers/STM32H7xx_HAL_Driver/stm32h7xx_hal_cortex.o
 .debug_line    0x0000000000004eca      0x96f Drivers/STM32H7xx_HAL_Driver/stm32h7xx_hal_hsem.o
 .debug_line    0x0000000000005839      0xfda Drivers/STM32H7xx_HAL_Driver/stm32h7xx_hal_pwr_ex.o
 .debug_line    0x0000000000006813     0x12f9 Drivers/STM32H7xx_HAL_Driver/stm32h7xx_hal_rcc.o

.debug_str      0x0000000000000000   0x16be53
 .debug_str     0x0000000000000000   0x169770 Common/Src/system_stm32h7xx_dualcore_boot_cm4_cm7.o
                                     0x169c74 (size before relaxing)
 .debug_str     0x0000000000169770       0x8c Core/Src/dma.o
                                     0x169bb1 (size before relaxing)
 .debug_str     0x00000000001697fc       0x2c Core/Src/gpio.o
                                     0x16998a (size before relaxing)
 .debug_str     0x0000000000169828       0x86 Core/Src/main.o
                                     0x169c8d (size before relaxing)
 .debug_str     0x00000000001698ae       0x2c Core/Src/stm32h7xx_hal_msp.o
                                     0x169bb4 (size before relaxing)
 .debug_str     0x00000000001698da       0xbd Core/Src/stm32h7xx_it.o
                                     0x169a1b (size before relaxing)
 .debug_str     0x0000000000169997       0x36 Core/Startup/startup_stm32h745iikx.o
                                         0x6e (size before relaxing)
 .debug_str     0x00000000001699cd     0x121d Drivers/STM32H7xx_HAL_Driver/stm32h7xx_hal.o
                                     0x16aed6 (size before relaxing)
 .debug_str     0x000000000016abea      0x3e0 Drivers/STM32H7xx_HAL_Driver/stm32h7xx_hal_cortex.o
                                     0x16a729 (size before relaxing)
 .debug_str     0x000000000016afca      0x1ec Drivers/STM32H7xx_HAL_Driver/stm32h7xx_hal_hsem.o
                                     0x169b78 (size before relaxing)
 .debug_str     0x000000000016b1b6      0x6e6 Drivers/STM32H7xx_HAL_Driver/stm32h7xx_hal_pwr_ex.o
                                     0x16a2fd (size before relaxing)
 .debug_str     0x000000000016b89c      0x5b7 Drivers/STM32H7xx_HAL_Driver/stm32h7xx_hal_rcc.o
                                     0x16a1ee (size before relaxing)

.comment        0x0000000000000000       0x53
 .comment       0x0000000000000000       0x53 Common/Src/system_stm32h7xx_dualcore_boot_cm4_cm7.o
                                         0x54 (size before relaxing)
 .comment       0x0000000000000053       0x54 Core/Src/dma.o
 .comment       0x0000000000000053       0x54 Core/Src/gpio.o
 .comment       0x0000000000000053       0x54 Core/Src/main.o
 .comment       0x0000000000000053       0x54 Core/Src/stm32h7xx_hal_msp.o
 .comment       0x0000000000000053       0x54 Core/Src/stm32h7xx_it.o
 .comment       0x0000000000000053       0x54 Drivers/STM32H7xx_HAL_Driver/stm32h7xx_hal.o
 .comment       0x0000000000000053       0x54 Drivers/STM32H7xx_HAL_Driver/stm32h7xx_hal_cortex.o
 .comment       0x0000000000000053       0x54 Drivers/STM32H7xx_HAL_Driver/stm32h7xx_hal_hsem.o
 .comment       0x0000000000000053       0x54 Drivers/STM32H7xx_HAL_Driver/stm32h7xx_hal_pwr_ex.o
 .comment       0x0000000000000053       0x54 Drivers/STM32H7xx_HAL_Driver/stm32h7xx_hal_rcc.o

.debug_frame    0x0000000000000000     0x1910
 .debug_frame   0x0000000000000000       0x58 Common/Src/system_stm32h7xx_dualcore_boot_cm4_cm7.o
 .debug_frame   0x0000000000000058       0x38 Core/Src/dma.o
 .debug_frame   0x0000000000000090       0x30 Core/Src/gpio.o
 .debug_frame   0x00000000000000c0       0x48 Core/Src/main.o
 .debug_frame   0x0000000000000108       0x38 Core/Src/stm32h7xx_hal_msp.o
 .debug_frame   0x0000000000000140      0x104 Core/Src/stm32h7xx_it.o
 .debug_frame   0x0000000000000244      0x848 Drivers/STM32H7xx_HAL_Driver/stm32h7xx_hal.o
 .debug_frame   0x0000000000000a8c      0x4b8 Drivers/STM32H7xx_HAL_Driver/stm32h7xx_hal_cortex.o
 .debug_frame   0x0000000000000f44      0x1bc Drivers/STM32H7xx_HAL_Driver/stm32h7xx_hal_hsem.o
 .debug_frame   0x0000000000001100      0x5ec Drivers/STM32H7xx_HAL_Driver/stm32h7xx_hal_pwr_ex.o
 .debug_frame   0x00000000000016ec      0x1f8 Drivers/STM32H7xx_HAL_Driver/stm32h7xx_hal_rcc.o
 .debug_frame   0x00000000000018e4       0x2c /opt/st/stm32cubeide_1.6.1/plugins/com.st.stm32cube.ide.mcu.externaltools.gnu-tools-for-stm32.9-2020-q2-update.linux64_1.5.0.202011040924/tools/bin/../lib/gcc/arm-none-eabi/9.3.1/../../../../arm-none-eabi/lib/thumb/v7e-m+fp/hard/libc_nano.a(lib_a-init.o)
